Archive member included because of file (symbol)

../../../touchgfx/lib/core/cortex_m7/gcc\libtouchgfx.a(AbstractPartition.o)
                              build/ST/STM32F746G-DISCO/touchgfx/board/ST/STM32F746G-DISCO/source/BoardConfiguration.o (touchgfx::AbstractPartition::getAllocationCount() const)
../../../touchgfx/lib/core/cortex_m7/gcc\libtouchgfx.a(Container.o)
                              build/ST/STM32F746G-DISCO/gui/src/common/Graph.o (touchgfx::Container::contains(touchgfx::Drawable const&))
../../../touchgfx/lib/core/cortex_m7/gcc\libtouchgfx.a(HAL.o)
                              build/ST/STM32F746G-DISCO/touchgfx/framework/source/platform/hal/ST/mcu/stm32f7xx/STM32F7HAL.o (touchgfx::HAL::flushFrameBuffer())
../../../touchgfx/lib/core/cortex_m7/gcc\libtouchgfx.a(DMA.o)
                              build/ST/STM32F746G-DISCO/touchgfx/framework/source/platform/hal/ST/mcu/stm32f7xx/STM32F7DMA.o (touchgfx::DMA_Interface::seedExecution())
../../../touchgfx/lib/core/cortex_m7/gcc\libtouchgfx.a(PainterRGB565.o)
                              build/ST/STM32F746G-DISCO/gui/src/common/Graph.o (touchgfx::PainterRGB565::setColor(touchgfx::colortype, unsigned char))
../../../touchgfx/lib/core/cortex_m7/gcc\libtouchgfx.a(Canvas.o)
                              build/ST/STM32F746G-DISCO/gui/src/common/AbstractGraph.o (touchgfx::Canvas::Canvas(touchgfx::CanvasWidget const*, touchgfx::Rect const&))
../../../touchgfx/lib/core/cortex_m7/gcc\libtouchgfx.a(AbstractPainterRGB565.o)
                              ../../../touchgfx/lib/core/cortex_m7/gcc\libtouchgfx.a(PainterRGB565.o) (touchgfx::AbstractPainterRGB565::renderPixel(unsigned short*, unsigned char, unsigned char, unsigned char))
../../../touchgfx/lib/core/cortex_m7/gcc\libtouchgfx.a(AbstractPainter.o)
                              ../../../touchgfx/lib/core/cortex_m7/gcc\libtouchgfx.a(PainterRGB565.o) (touchgfx::AbstractPainter::AbstractPainter())
../../../touchgfx/lib/core/cortex_m7/gcc\libtouchgfx.a(CanvasWidget.o)
                              build/ST/STM32F746G-DISCO/gui/src/common/Graph.o (touchgfx::CanvasWidget::setPainter(touchgfx::AbstractPainter&))
../../../touchgfx/lib/core/cortex_m7/gcc\libtouchgfx.a(TextArea.o)
                              build/ST/STM32F746G-DISCO/gui/src/common/FrontendApplication.o (touchgfx::TextArea::getTextWidth() const)
../../../touchgfx/lib/core/cortex_m7/gcc\libtouchgfx.a(Box.o)
                              build/ST/STM32F746G-DISCO/gui/src/common/FrontendApplication.o (vtable for touchgfx::Box)
../../../touchgfx/lib/core/cortex_m7/gcc\libtouchgfx.a(Button.o)
                              build/ST/STM32F746G-DISCO/gui/src/main_screen/MainView.o (touchgfx::Button::setBitmaps(touchgfx::Bitmap const&, touchgfx::Bitmap const&))
../../../touchgfx/lib/core/cortex_m7/gcc\libtouchgfx.a(TextAreaWithWildcard.o)
                              build/ST/STM32F746G-DISCO/gui/src/main_screen/MainView.o (touchgfx::TextAreaWithWildcardBase::calculateTextHeight(unsigned short const*, ...) const)
../../../touchgfx/lib/core/cortex_m7/gcc\libtouchgfx.a(ButtonWithIcon.o)
                              build/ST/STM32F746G-DISCO/gui/src/main_screen/MainView.o (touchgfx::ButtonWithIcon::setBitmaps(touchgfx::Bitmap const&, touchgfx::Bitmap const&, touchgfx::Bitmap const&, touchgfx::Bitmap const&))
../../../touchgfx/lib/core/cortex_m7/gcc\libtouchgfx.a(Image.o)
                              build/ST/STM32F746G-DISCO/gui/src/main_screen/MainView.o (touchgfx::Image::setBitmap(touchgfx::Bitmap const&))
../../../touchgfx/lib/core/cortex_m7/gcc\libtouchgfx.a(ButtonWithLabel.o)
                              build/ST/STM32F746G-DISCO/gui/src/common/FrontendApplication.o (touchgfx::ButtonWithLabel::ButtonWithLabel())
../../../touchgfx/lib/core/cortex_m7/gcc\libtouchgfx.a(Outline.o)
                              ../../../touchgfx/lib/core/cortex_m7/gcc\libtouchgfx.a(Canvas.o) (touchgfx::Outline::~Outline())
../../../touchgfx/lib/core/cortex_m7/gcc\libtouchgfx.a(CanvasWidgetRenderer.o)
                              build/ST/STM32F746G-DISCO/target/main.o (touchgfx::CanvasWidgetRenderer::setupBuffer(unsigned char*, unsigned int))
../../../touchgfx/lib/core/cortex_m7/gcc\libtouchgfx.a(Scanline.o)
                              ../../../touchgfx/lib/core/cortex_m7/gcc\libtouchgfx.a(Canvas.o) (touchgfx::Scanline::reset())
../../../touchgfx/lib/core/cortex_m7/gcc\libtouchgfx.a(RenderingBuffer.o)
                              ../../../touchgfx/lib/core/cortex_m7/gcc\libtouchgfx.a(Canvas.o) (touchgfx::RenderingBuffer::RenderingBuffer())
../../../touchgfx/lib/core/cortex_m7/gcc\libtouchgfx.a(LCD.o)
                              build/ST/STM32F746G-DISCO/gui/src/main_screen/MainView.o (touchgfx::LCD::drawString(touchgfx::Rect, touchgfx::Rect const&, touchgfx::LCD::StringVisuals&, unsigned short const*, ...))
../../../touchgfx/lib/core/cortex_m7/gcc\libtouchgfx.a(TouchCalibration.o)
[...]
Memory Configuration

Name             Origin             Length             Attributes
CODE             0x08000000         0x00100000         xr
RAM              0x20000000         0x0004c000         rw
QUADSPI          0x90000000         0x01000000         r
*default*        0x00000000         0xffffffff

Linker script and memory map

LOAD build/ST/STM32F746G-DISCO/gui/src/main_screen/MainPresenter.o
LOAD build/ST/STM32F746G-DISCO/gui/src/main_screen/MainView.o
LOAD build/ST/STM32F746G-DISCO/gui/src/model/Model.o
LOAD build/ST/STM32F746G-DISCO/gui/src/common/Graph.o
LOAD build/ST/STM32F746G-DISCO/gui/src/common/FrontendApplication.o
LOAD build/ST/STM32F746G-DISCO/gui/src/common/AbstractGraph.o
LOAD build/ST/STM32F746G-DISCO/gui/src/common/GraphLine.o
LOAD build/ST/STM32F746G-DISCO/generated/fonts/src/Kerning_verdana_10_4bpp.o
LOAD build/ST/STM32F746G-DISCO/generated/fonts/src/Font_verdana_40_4bpp.o
LOAD build/ST/STM32F746G-DISCO/generated/fonts/src/FontGetters.o
LOAD build/ST/STM32F746G-DISCO/generated/fonts/src/Font_verdana_20_4bpp.o
LOAD build/ST/STM32F746G-DISCO/generated/fonts/src/Kerning_verdana_40_4bpp.o
LOAD build/ST/STM32F746G-DISCO/generated/fonts/src/Table_verdana_10_4bpp.o
LOAD build/ST/STM32F746G-DISCO/generated/fonts/src/Kerning_verdana_20_4bpp.o
LOAD build/ST/STM32F746G-DISCO/generated/fonts/src/Font_verdana_10_4bpp.o
LOAD build/ST/STM32F746G-DISCO/generated/fonts/src/Table_verdana_40_4bpp.o
LOAD build/ST/STM32F746G-DISCO/generated/fonts/src/Table_verdana_20_4bpp.o
LOAD build/ST/STM32F746G-DISCO/generated/fonts/src/ApplicationFontProvider.o
LOAD build/ST/STM32F746G-DISCO/generated/texts/src/LanguageGb.o
LOAD build/ST/STM32F746G-DISCO/generated/texts/src/TypedTextDatabase.o
LOAD build/ST/STM32F746G-DISCO/generated/texts/src/Texts.o
LOAD build/ST/STM32F746G-DISCO/generated/images/src/GraphImage.o
LOAD build/ST/STM32F746G-DISCO/generated/images/src/Down_arrow_48.o
LOAD build/ST/STM32F746G-DISCO/generated/images/src/Blue_Icons_Up_arrow_48.o
LOAD build/ST/STM32F746G-DISCO/generated/images/src/Blue_Buttons_Round_Edge_icon_button_pressed.o
LOAD build/ST/STM32F746G-DISCO/generated/images/src/Blue_Icons_Power_48.o
LOAD build/ST/STM32F746G-DISCO/generated/images/src/Round_Edge_icon_button_pressed.o
LOAD build/ST/STM32F746G-DISCO/generated/images/src/Green_Bolt.o
LOAD build/ST/STM32F746G-DISCO/generated/images/src/Blue_Buttons_Round_Edge_icon_button.o
LOAD build/ST/STM32F746G-DISCO/generated/images/src/Blue_Icons_Down_arrow_48.o
LOAD build/ST/STM32F746G-DISCO/generated/images/src/Red_Bolt.o
LOAD build/ST/STM32F746G-DISCO/generated/images/src/Up_arrow_48.o
LOAD build/ST/STM32F746G-DISCO/generated/images/src/Background_Rev1.o
LOAD build/ST/STM32F746G-DISCO/generated/images/src/Round_Edge_icon_button.o
LOAD build/ST/STM32F746G-DISCO/generated/images/src/BitmapDatabase.o
LOAD build/ST/STM32F746G-DISCO/touchgfx/os/FreeRTOS8.2.0/OSWrappers.o
LOAD build/ST/STM32F746G-DISCO/touchgfx/config/gcc/gccstubs.o
LOAD build/ST/STM32F746G-DISCO/target/main.o
LOAD build/ST/STM32F746G-DISCO/controller/Controller.o
LOAD build/ST/STM32F746G-DISCO/controller/PPS_Config.o
LOAD build/ST/STM32F746G-DISCO/touchgfx/board/ST/STM32F746G-DISCO/source/bsp/STM32F7Instrumentation.o
LOAD build/ST/STM32F746G-DISCO/touchgfx/board/ST/STM32F746G-DISCO/source/bsp/STM32F746GTouchController.o
LOAD build/ST/STM32F746G-DISCO/touchgfx/framework/source/platform/hal/ST/mcu/stm32f7xx/STM32F7DMA.o
LOAD build/ST/STM32F746G-DISCO/touchgfx/framework/source/platform/hal/ST/mcu/stm32f7xx/STM32F7HAL.o
LOAD build/ST/STM32F746G-DISCO/touchgfx/framework/source/platform/core/arm/cortex-m/CortexMMCUInstrumentation.o
LOAD build/ST/STM32F746G-DISCO/touchgfx/board/ST/STM32F746G-DISCO/source/BoardConfiguration.o
LOAD build/ST/STM32F746G-DISCO/touchgfx/board/ST/STM32F746G-DISCO/source/GPIO.o
LOAD build/ST/STM32F746G-DISCO/touchgfx/os/FreeRTOS8.2.0/Source/croutine.o
LOAD build/ST/STM32F746G-DISCO/touchgfx/os/FreeRTOS8.2.0/Source/list.o
LOAD build/ST/STM32F746G-DISCO/touchgfx/os/FreeRTOS8.2.0/Source/queue.o
LOAD build/ST/STM32F746G-DISCO/touchgfx/os/FreeRTOS8.2.0/Source/tasks.o
LOAD build/ST/STM32F746G-DISCO/touchgfx/os/FreeRTOS8.2.0/Source/timers.o
LOAD build/ST/STM32F746G-DISCO/touchgfx/os/FreeRTOS8.2.0/Source/portable/MemMang/heap_2.o
LOAD build/ST/STM32F746G-DISCO/touchgfx/os/FreeRTOS8.2.0/Source/portable/GCC/ARM_CM7/port.o
LOAD build/ST/STM32F746G-DISCO/target/ST/STM32F746G-DISCO/gcc//isr.o
LOAD build/ST/STM32F746G-DISCO/touchgfx/board/ST/STM32F746G-DISCO/source/vendor/STM32746G-Discovery/stm32746g_discovery.o
LOAD build/ST/STM32F746G-DISCO/touchgfx/board/ST/STM32F746G-DISCO/source/vendor/STM32746G-Discovery/stm32746g_discovery_lcd.o
LOAD build/ST/STM32F746G-DISCO/touchgfx/board/ST/STM32F746G-DISCO/source/vendor/STM32746G-Discovery/stm32746g_discovery_sd.o
LOAD build/ST/STM32F746G-DISCO/touchgfx/board/ST/STM32F746G-DISCO/source/vendor/STM32746G-Discovery/stm32746g_discovery_sdram.o
LOAD build/ST/STM32F746G-DISCO/touchgfx/board/ST/STM32F746G-DISCO/source/vendor/STM32746G-Discovery/stm32746g_discovery_ts.o
LOAD build/ST/STM32F746G-DISCO/touchgfx/board/ST/STM32F746G-DISCO/source/vendor/STM32746G-Discovery/stm32746g_discovery_qspi.o
LOAD build/ST/STM32F746G-DISCO/touchgfx/board/ST/STM32F746G-DISCO/source/vendor/Components/ft5336/ft5336.o
LOAD build/ST/STM32F746G-DISCO/touchgfx/framework/source/platform/hal/ST/mcu/stm32f7xx/STM32F7xx_HAL_Driver/stm32f7xx_hal.o
LOAD build/ST/STM32F746G-DISCO/touchgfx/framework/source/platform/hal/ST/mcu/stm32f7xx/STM32F7xx_HAL_Driver/stm32f7xx_hal_adc.o
LOAD build/ST/STM32F746G-DISCO/touchgfx/framework/source/platform/hal/ST/mcu/stm32f7xx/STM32F7xx_HAL_Driver/stm32f7xx_hal_spi.o
LOAD build/ST/STM32F746G-DISCO/touchgfx/framework/source/platform/hal/ST/mcu/stm32f7xx/STM32F7xx_HAL_Driver/stm32f7xx_hal_cortex.o
LOAD build/ST/STM32F746G-DISCO/touchgfx/framework/source/platform/hal/ST/mcu/stm32f7xx/STM32F7xx_HAL_Driver/stm32f7xx_hal_dma.o
LOAD build/ST/STM32F746G-DISCO/touchgfx/framework/source/platform/hal/ST/mcu/stm32f7xx/STM32F7xx_HAL_Driver/stm32f7xx_hal_dma2d.o
LOAD build/ST/STM32F746G-DISCO/touchgfx/framework/source/platform/hal/ST/mcu/stm32f7xx/STM32F7xx_HAL_Driver/stm32f7xx_hal_dma_ex.o
LOAD build/ST/STM32F746G-DISCO/touchgfx/framework/source/platform/hal/ST/mcu/stm32f7xx/STM32F7xx_HAL_Driver/stm32f7xx_hal_gpio.o
LOAD build/ST/STM32F746G-DISCO/touchgfx/framework/source/platform/hal/ST/mcu/stm32f7xx/STM32F7xx_HAL_Driver/stm32f7xx_hal_i2c.o
LOAD build/ST/STM32F746G-DISCO/touchgfx/framework/source/platform/hal/ST/mcu/stm32f7xx/STM32F7xx_HAL_Driver/stm32f7xx_hal_ltdc.o
LOAD build/ST/STM32F746G-DISCO/touchgfx/framework/source/platform/hal/ST/mcu/stm32f7xx/STM32F7xx_HAL_Driver/stm32f7xx_hal_nor.o
LOAD build/ST/STM32F746G-DISCO/touchgfx/framework/source/platform/hal/ST/mcu/stm32f7xx/STM32F7xx_HAL_Driver/stm32f7xx_hal_pwr_ex.o
LOAD build/ST/STM32F746G-DISCO/touchgfx/framework/source/platform/hal/ST/mcu/stm32f7xx/STM32F7xx_HAL_Driver/stm32f7xx_hal_rcc.o
LOAD build/ST/STM32F746G-DISCO/touchgfx/framework/source/platform/hal/ST/mcu/stm32f7xx/STM32F7xx_HAL_Driver/stm32f7xx_hal_rcc_ex.o
LOAD build/ST/STM32F746G-DISCO/touchgfx/framework/source/platform/hal/ST/mcu/stm32f7xx/STM32F7xx_HAL_Driver/stm32f7xx_hal_sdram.o
LOAD build/ST/STM32F746G-DISCO/touchgfx/framework/source/platform/hal/ST/mcu/stm32f7xx/STM32F7xx_HAL_Driver/stm32f7xx_hal_sd.o
LOAD build/ST/STM32F746G-DISCO/touchgfx/framework/source/platform/hal/ST/mcu/stm32f7xx/STM32F7xx_HAL_Driver/stm32f7xx_hal_tim.o
LOAD build/ST/STM32F746G-DISCO/touchgfx/framework/source/platform/hal/ST/mcu/stm32f7xx/STM32F7xx_HAL_Driver/stm32f7xx_hal_tim_ex.o
LOAD build/ST/STM32F746G-DISCO/touchgfx/framework/source/platform/hal/ST/mcu/stm32f7xx/STM32F7xx_HAL_Driver/stm32f7xx_hal_qspi.o
LOAD build/ST/STM32F746G-DISCO/touchgfx/framework/source/platform/hal/ST/mcu/stm32f7xx/STM32F7xx_HAL_Driver/stm32f7xx_ll_fmc.o
LOAD build/ST/STM32F746G-DISCO/touchgfx/framework/source/platform/hal/ST/mcu/stm32f7xx/STM32F7xx_HAL_Driver/stm32f7xx_ll_sdmmc.o
LOAD build/ST/STM32F746G-DISCO/touchgfx/framework/source/platform/hal/ST/mcu/stm32f7xx/CMSIS/system_stm32f7xx.o
START GROUP
LOAD ../../../touchgfx/lib/core/cortex_m7/gcc\libtouchgfx.a
END GROUP
LOAD d:/touchgfx/4.8.0/env/mingw/msys/1.0/gnu-arm-gcc/bin/../lib/gcc/arm-none-eabi/4.9.3/../../../../arm-none-eabi/lib/cortex-m7/softfp/fpv5-sp-d16\libstdc++.a
LOAD d:/touchgfx/4.8.0/env/mingw/msys/1.0/gnu-arm-gcc/bin/../lib/gcc/arm-none-eabi/4.9.3/../../../../arm-none-eabi/lib/cortex-m7/softfp/fpv5-sp-d16\libm.a
START GROUP
LOAD d:/touchgfx/4.8.0/env/mingw/msys/1.0/gnu-arm-gcc/bin/../lib/gcc/arm-none-eabi/4.9.3/cortex-m7/softfp/fpv5-sp-d16\libgcc.a
LOAD d:/touchgfx/4.8.0/env/mingw/msys/1.0/gnu-arm-gcc/bin/../lib/gcc/arm-none-eabi/4.9.3/../../../../arm-none-eabi/lib/cortex-m7/softfp/fpv5-sp-d16\libg.a
LOAD d:/touchgfx/4.8.0/env/mingw/msys/1.0/gnu-arm-gcc/bin/../lib/gcc/arm-none-eabi/4.9.3/../../../../arm-none-eabi/lib/cortex-m7/softfp/fpv5-sp-d16\libc.a
END GROUP
                0x00000400                _STACKSIZE = 0x400
                0x00000200                _HEAPSIZE = 0x200

.text           0x08000000    0x175d4
 CREATE_OBJECT_SYMBOLS
 *(.isr_vectors)
 .isr_vectors   0x08000000      0x1ac build/ST/STM32F746G-DISCO/target/ST/STM32F746G-DISCO/gcc//isr.o
                0x08000000                g_pfnVectors
 *(.text .text.*)
 .text._ZN13MainPresenterD2Ev
                0x080001ac        0x2 build/ST/STM32F746G-DISCO/gui/src/main_screen/MainPresenter.o
                0x080001ac                MainPresenter::~MainPresenter()
                0x080001ac                MainPresenter::~MainPresenter()
 .text._ZN13MainPresenterD1Ev
                0x080001ae        0x8 build/ST/STM32F746G-DISCO/gui/src/main_screen/MainPresenter.o
                0x080001ae                non-virtual thunk to MainPresenter::~MainPresenter()
 .text._ZN13MainPresenter10deactivateEv
                0x080001b6        0x2 build/ST/STM32F746G-DISCO/gui/src/main_screen/MainPresenter.o
                0x080001b6                MainPresenter::deactivate()
 .text._ZN13MainPresenterD0Ev
                0x080001b8       0x12 build/ST/STM32F746G-DISCO/gui/src/main_screen/MainPresenter.o
                0x080001b8                MainPresenter::~MainPresenter()
                0x080001c4                non-virtual thunk to MainPresenter::~MainPresenter()
 .text._ZN13MainPresenter8activateEv
                0x080001ca       0x50 build/ST/STM32F746G-DISCO/gui/src/main_screen/MainPresenter.o
                0x080001ca                MainPresenter::activate()
 .text._ZN13MainPresenter11tickHandlerEv
                0x0800021a       0x32 build/ST/STM32F746G-DISCO/gui/src/main_screen/MainPresenter.o
                0x0800021a                MainPresenter::tickHandler()
 .text._ZThn4_N13MainPresenter11tickHandlerEv
                0x0800024c        0x8 build/ST/STM32F746G-DISCO/gui/src/main_screen/MainPresenter.o
                0x0800024c                non-virtual thunk to MainPresenter::tickHandler()
 .text._ZN13MainPresenterC2ER8MainView
                0x08000254       0x34 build/ST/STM32F746G-DISCO/gui/src/main_screen/MainPresenter.o
                0x08000254                MainPresenter::MainPresenter(MainView&)
                0x08000254                MainPresenter::MainPresenter(MainView&)
 .text._ZN13MainPresenter15startupCompleteEv
                0x08000288        0x8 build/ST/STM32F746G-DISCO/gui/src/main_screen/MainPresenter.o
                0x08000288                MainPresenter::startupComplete()
 .text._ZN13MainPresenter16voltageUpPressedEv
                0x08000290       0x5c build/ST/STM32F746G-DISCO/gui/src/main_screen/MainPresenter.o
                0x08000290                MainPresenter::voltageUpPressed()
 .text._ZN13MainPresenter18voltageDownPressedEv
                0x080002ec       0x5c build/ST/STM32F746G-DISCO/gui/src/main_screen/MainPresenter.o
                0x080002ec                MainPresenter::voltageDownPressed()
 .text._ZN13MainPresenter16currentUpPressedEv
                0x08000348       0x5c build/ST/STM32F746G-DISCO/gui/src/main_screen/MainPresenter.o
                0x08000348                MainPresenter::currentUpPressed()
 .text._ZN13MainPresenter18currentDownPressedEv
                0x080003a4       0x5c build/ST/STM32F746G-DISCO/gui/src/main_screen/MainPresenter.o
                0x080003a4                MainPresenter::currentDownPressed()
 .text._ZN13MainPresenter17multiplierPressedEv
                0x08000400       0x58 build/ST/STM32F746G-DISCO/gui/src/main_screen/MainPresenter.o
                0x08000400                MainPresenter::multiplierPressed()
 .text._ZN13MainPresenter14powerActivatedEv
                0x08000458       0x38 build/ST/STM32F746G-DISCO/gui/src/main_screen/MainPresenter.o
                0x08000458                MainPresenter::powerActivated()
 .text._ZN8touchgfx8Drawable11setPositionEssss
                0x08000490       0x28 build/ST/STM32F746G-DISCO/gui/src/main_screen/MainView.o
                0x08000490                touchgfx::Drawable::setPosition(short, short, short, short)
 .text._ZN8touchgfx8Drawable4setXEs
                0x080004b8        0x4 build/ST/STM32F746G-DISCO/gui/src/main_screen/MainView.o
                0x080004b8                touchgfx::Drawable::setX(short)
 .text._ZN8touchgfx8Drawable4setYEs
                0x080004bc        0x4 build/ST/STM32F746G-DISCO/gui/src/main_screen/MainView.o
                0x080004bc                touchgfx::Drawable::setY(short)
 .text._ZN8touchgfx8Drawable5setXYEss
                0x080004c0       0x1a build/ST/STM32F746G-DISCO/gui/src/main_screen/MainView.o
                0x080004c0                touchgfx::Drawable::setXY(short, short)
 .text._ZN8touchgfx8Drawable8setWidthEs
                0x080004da        0x4 build/ST/STM32F746G-DISCO/gui/src/main_screen/MainView.o
                0x080004da                touchgfx::Drawable::setWidth(short)
 .text._ZN8touchgfx8Drawable9setHeightEs
                0x080004de        0x4 build/ST/STM32F746G-DISCO/gui/src/main_screen/MainView.o
                0x080004de                touchgfx::Drawable::setHeight(short)
 .text._ZN8touchgfx8Drawable20childGeometryChangedEv
                0x080004e2        0x2 build/ST/STM32F746G-DISCO/gui/src/main_screen/MainView.o
                0x080004e2                touchgfx::Drawable::childGeometryChanged()
 .text._ZN8touchgfx8Drawable16handleClickEventERKNS_10ClickEventE
                0x080004e4        0x2 build/ST/STM32F746G-DISCO/gui/src/main_screen/MainView.o
                0x080004e4                touchgfx::Drawable::handleClickEvent(touchgfx::ClickEvent const&)
 .text._ZN8touchgfx8Drawable18handleGestureEventERKNS_12GestureEventE
                0x080004e6        0x2 build/ST/STM32F746G-DISCO/gui/src/main_screen/MainView.o
                0x080004e6                touchgfx::Drawable::handleGestureEvent(touchgfx::GestureEvent const&)
 .text._ZN8touchgfx8Drawable15handleDragEventERKNS_9DragEventE
                0x080004e8        0x2 build/ST/STM32F746G-DISCO/gui/src/main_screen/MainView.o
                0x080004e8                touchgfx::Drawable::handleDragEvent(touchgfx::DragEvent const&)
 .text._ZN8touchgfx8Drawable15handleTickEventEv
                0x080004ea        0x2 build/ST/STM32F746G-DISCO/gui/src/main_screen/MainView.o
                0x080004ea                touchgfx::Drawable::handleTickEvent()
 .text._ZN8touchgfx8Drawable6moveToEss
                0x080004ec       0x18 build/ST/STM32F746G-DISCO/gui/src/main_screen/MainView.o
                0x080004ec                touchgfx::Drawable::moveTo(short, short)
 .text._ZN8touchgfx8Drawable14setupDrawChainERKNS_4RectEPPS0_
                0x08000504       0x12 build/ST/STM32F746G-DISCO/gui/src/main_screen/MainView.o
                0x08000504                touchgfx::Drawable::setupDrawChain(touchgfx::Rect const&, touchgfx::Drawable**)
 .text._ZN8touchgfx6Screen11setupScreenEv
                0x08000516        0x2 build/ST/STM32F746G-DISCO/gui/src/main_screen/MainView.o
                0x08000516                touchgfx::Screen::setupScreen()
 .text._ZN8touchgfx6Screen15afterTransitionEv
                0x08000518        0x2 build/ST/STM32F746G-DISCO/gui/src/main_screen/MainView.o
                0x08000518                touchgfx::Screen::afterTransition()
 .text._ZN8touchgfx6Screen14tearDownScreenEv
                0x0800051a        0x2 build/ST/STM32F746G-DISCO/gui/src/main_screen/MainView.o
                0x0800051a                touchgfx::Screen::tearDownScreen()
 .text._ZN8touchgfx6Screen15handleTickEventEv
                0x0800051c        0x2 build/ST/STM32F746G-DISCO/gui/src/main_screen/MainView.o
                0x0800051c                touchgfx::Screen::handleTickEvent()
 .text._ZN8touchgfx6Screen14handleKeyEventEh
                0x0800051e        0x2 build/ST/STM32F746G-DISCO/gui/src/main_screen/MainView.o
                0x0800051e                touchgfx::Screen::handleKeyEvent(unsigned char)
 .text._ZN8touchgfx6Widget12getLastChildEssPPNS_8DrawableE
                0x08000520       0x10 build/ST/STM32F746G-DISCO/gui/src/main_screen/MainView.o
                0x08000520                touchgfx::Widget::getLastChild(short, short, touchgfx::Drawable**)
 .text._ZNK8touchgfx6Widget7getTypeEv
                0x08000530        0x4 build/ST/STM32F746G-DISCO/gui/src/main_screen/MainView.o
                0x08000530                touchgfx::Widget::getType() const
 .text._ZNK8touchgfx8TextArea12getSolidRectEv
                0x08000534        0xc build/ST/STM32F746G-DISCO/gui/src/main_screen/MainView.o
                0x08000534                touchgfx::TextArea::getSolidRect() const
 .text._ZN8touchgfx8TextArea13setXBaselineYEss
                0x08000540       0x1a build/ST/STM32F746G-DISCO/gui/src/main_screen/MainView.o
                0x08000540                touchgfx::TextArea::setXBaselineY(short, short)
 .text._ZNK8touchgfx8TextArea7getTypeEv
                0x0800055a        0x4 build/ST/STM32F746G-DISCO/gui/src/main_screen/MainView.o
                0x0800055a                touchgfx::TextArea::getType() const
 .text._ZN8touchgfx24TextAreaWithWildcardBaseD2Ev
                0x0800055e        0x2 build/ST/STM32F746G-DISCO/gui/src/main_screen/MainView.o
                0x0800055e                touchgfx::TextAreaWithWildcardBase::~TextAreaWithWildcardBase()
                0x0800055e                touchgfx::TextAreaWithWildcardBase::~TextAreaWithWildcardBase()
 .text._ZNK8touchgfx23TextAreaWithOneWildcard7getTypeEv
                0x08000560        0x4 build/ST/STM32F746G-DISCO/gui/src/main_screen/MainView.o
                0x08000560                touchgfx::TextAreaWithOneWildcard::getType() const
 .text._ZN8MainView14tearDownScreenEv
                0x08000564        0x2 build/ST/STM32F746G-DISCO/gui/src/main_screen/MainView.o
                0x08000564                MainView::tearDownScreen()
 .text._ZN8touchgfx8CallbackI8MainViewRKNS_14AbstractButtonEvED2Ev
                0x08000566        0x2 build/ST/STM32F746G-DISCO/gui/src/main_screen/MainView.o
                0x08000566                touchgfx::Callback<MainView, touchgfx::AbstractButton const&, void>::~Callback()
                0x08000566                touchgfx::Callback<MainView, touchgfx::AbstractButton const&, void>::~Callback()
 .text._ZN8touchgfx23TextAreaWithOneWildcardD2Ev
                0x08000568        0x2 build/ST/STM32F746G-DISCO/gui/src/main_screen/MainView.o
                0x08000568                touchgfx::TextAreaWithOneWildcard::~TextAreaWithOneWildcard()
                0x08000568                touchgfx::TextAreaWithOneWildcard::~TextAreaWithOneWildcard()
 .text._ZN8touchgfx8CallbackI8MainViewRKNS_14AbstractButtonEvE7executeES4_
                0x0800056a       0x20 build/ST/STM32F746G-DISCO/gui/src/main_screen/MainView.o
                0x0800056a                touchgfx::Callback<MainView, touchgfx::AbstractButton const&, void>::execute(touchgfx::AbstractButton const&)
 .text._ZNK8touchgfx8CallbackI8MainViewRKNS_14AbstractButtonEvE7isValidEv
                0x0800058a       0x18 build/ST/STM32F746G-DISCO/gui/src/main_screen/MainView.o
                0x0800058a                touchgfx::Callback<MainView, touchgfx::AbstractButton const&, void>::isValid() const
 .text._ZN8touchgfx24TextAreaWithWildcardBaseD0Ev
                0x080005a2        0xc build/ST/STM32F746G-DISCO/gui/src/main_screen/MainView.o
                0x080005a2                touchgfx::TextAreaWithWildcardBase::~TextAreaWithWildcardBase()
 .text._ZN8touchgfx23TextAreaWithOneWildcardD0Ev
                0x080005ae        0xc build/ST/STM32F746G-DISCO/gui/src/main_screen/MainView.o
                0x080005ae                touchgfx::TextAreaWithOneWildcard::~TextAreaWithOneWildcard()
 .text._ZN8touchgfx8CallbackI8MainViewRKNS_14AbstractButtonEvED0Ev
                0x080005ba        0xc build/ST/STM32F746G-DISCO/gui/src/main_screen/MainView.o
                0x080005ba                touchgfx::Callback<MainView, touchgfx::AbstractButton const&, void>::~Callback()
 *fill*         0x080005c6        0x2 00000000
 .text._ZNK8touchgfx9TypedText11assertValidEv
                0x080005c8       0x44 build/ST/STM32F746G-DISCO/gui/src/main_screen/MainView.o
                0x080005c8                touchgfx::TypedText::assertValid() const
 .text._ZNK8touchgfx9TypedText7getFontEv
                0x0800060c       0x24 build/ST/STM32F746G-DISCO/gui/src/main_screen/MainView.o
                0x0800060c                touchgfx::TypedText::getFont() const
 .text._ZN8touchgfx8TextArea12setBaselineYEs
                0x08000630       0x28 build/ST/STM32F746G-DISCO/gui/src/main_screen/MainView.o
                0x08000630                touchgfx::TextArea::setBaselineY(short)
 .text._ZNK8touchgfx9TypedText7getTextEv
                0x08000658       0x18 build/ST/STM32F746G-DISCO/gui/src/main_screen/MainView.o
                0x08000658                touchgfx::TypedText::getText() const
 .text._ZNK8touchgfx23TextAreaWithOneWildcard12getTextWidthEv
                0x08000670       0x54 build/ST/STM32F746G-DISCO/gui/src/main_screen/MainView.o
                0x08000670                touchgfx::TextAreaWithOneWildcard::getTextWidth() const
 .text._ZN8touchgfx23TextAreaWithOneWildcard13getTextHeightEv
                0x080006c4       0x26 build/ST/STM32F746G-DISCO/gui/src/main_screen/MainView.o
                0x080006c4                touchgfx::TextAreaWithOneWildcard::getTextHeight()
 *fill*         0x080006ea        0x2 00000000
 .text._ZNK8touchgfx23TextAreaWithOneWildcard4drawERKNS_4RectE
                0x080006ec       0xbc build/ST/STM32F746G-DISCO/gui/src/main_screen/MainView.o
                0x080006ec                touchgfx::TextAreaWithOneWildcard::draw(touchgfx::Rect const&) const
 .text._ZN8touchgfx15ButtonWithLabel18updateTextPositionEv
                0x080007a8       0x46 build/ST/STM32F746G-DISCO/gui/src/main_screen/MainView.o
                0x080007a8                touchgfx::ButtonWithLabel::updateTextPosition()
 .text._ZN8MainView13ButtonClickedERKN8touchgfx14AbstractButtonE
                0x080007ee       0x56 build/ST/STM32F746G-DISCO/gui/src/main_screen/MainView.o
                0x080007ee                MainView::ButtonClicked(touchgfx::AbstractButton const&)
 .text._ZN8MainView10setVoltageEi
                0x08000844       0x40 build/ST/STM32F746G-DISCO/gui/src/main_screen/MainView.o
                0x08000844                MainView::setVoltage(int)
 .text._ZN8MainView13setCurVoltageEi
                0x08000884       0x40 build/ST/STM32F746G-DISCO/gui/src/main_screen/MainView.o
                0x08000884                MainView::setCurVoltage(int)
 .text._ZN8MainView10setCurrentEi
                0x080008c4       0x54 build/ST/STM32F746G-DISCO/gui/src/main_screen/MainView.o
                0x080008c4                MainView::setCurrent(int)
 .text._ZN8MainView13setCurCurrentEi
                0x08000918       0x54 build/ST/STM32F746G-DISCO/gui/src/main_screen/MainView.o
                0x08000918                MainView::setCurCurrent(int)
 .text._ZN8MainView13setMultiplierEi
                0x0800096c       0x24 build/ST/STM32F746G-DISCO/gui/src/main_screen/MainView.o
                0x0800096c                MainView::setMultiplier(int)
 .text._ZN8MainView14setPowerButtonEi
                0x08000990       0x7a build/ST/STM32F746G-DISCO/gui/src/main_screen/MainView.o
                0x08000990                MainView::setPowerButton(int)
 .text._ZN8MainView14setLimitEffectEbbi
                0x08000a0a      0x15c build/ST/STM32F746G-DISCO/gui/src/main_screen/MainView.o
                0x08000a0a                MainView::setLimitEffect(bool, bool, int)
 .text._ZN13AbstractGraph12setLineWidthIiEEvT_
                0x08000b66       0x24 build/ST/STM32F746G-DISCO/gui/src/main_screen/MainView.o
                0x08000b66                void AbstractGraph::setLineWidth<int>(int)
 .text._ZN8MainView11setupScreenEv
                0x08000b8a      0x4e8 build/ST/STM32F746G-DISCO/gui/src/main_screen/MainView.o
                0x08000b8a                MainView::setupScreen()
 *fill*         0x08001072        0x2 00000000
 .text._ZN8MainViewD2Ev
                0x08001074       0x20 build/ST/STM32F746G-DISCO/gui/src/main_screen/MainView.o
                0x08001074                MainView::~MainView()
                0x08001074                MainView::~MainView()
 .text._ZN8MainViewD0Ev
                0x08001094       0x12 build/ST/STM32F746G-DISCO/gui/src/main_screen/MainView.o
                0x08001094                MainView::~MainView()
 .text._ZN8MainView11handleGraphEii
                0x080010a6       0xa4 build/ST/STM32F746G-DISCO/gui/src/main_screen/MainView.o
                0x080010a6                MainView::handleGraph(int, int)
 *fill*         0x0800114a        0x2 00000000
 .text._ZN5ModelC2Ev
                0x0800114c       0x40 build/ST/STM32F746G-DISCO/gui/src/model/Model.o
                0x0800114c                Model::Model()
                0x0800114c                Model::Model()
 .text._ZN5Model4tickEv
                0x0800118c       0x50 build/ST/STM32F746G-DISCO/gui/src/model/Model.o
                0x0800118c                Model::tick()
 .text._ZN5Model8getStateEv
                0x080011dc        0x4 build/ST/STM32F746G-DISCO/gui/src/model/Model.o
                0x080011dc                Model::getState()
 .text._ZN5Model11getdVoltageEv
                0x080011e0        0x4 build/ST/STM32F746G-DISCO/gui/src/model/Model.o
                0x080011e0                Model::getdVoltage()
 .text._ZN5Model11getdCurrentEv
                0x080011e4        0x4 build/ST/STM32F746G-DISCO/gui/src/model/Model.o
                0x080011e4                Model::getdCurrent()
 .text._ZN5Model13getMultiplierEv
                0x080011e8        0x4 build/ST/STM32F746G-DISCO/gui/src/model/Model.o
                0x080011e8                Model::getMultiplier()
 .text._ZN5Model11getcCurrentEv
                0x080011ec        0x4 build/ST/STM32F746G-DISCO/gui/src/model/Model.o
                0x080011ec                Model::getcCurrent()
 .text._ZN5Model11getcVoltageEv
                0x080011f0        0x4 build/ST/STM32F746G-DISCO/gui/src/model/Model.o
                0x080011f0                Model::getcVoltage()
 .text._ZN5Model8setStateEi
                0x080011f4       0x34 build/ST/STM32F746G-DISCO/gui/src/model/Model.o
                0x080011f4                Model::setState(int)
 .text._ZN5Model11setdVoltageEi
                0x08001228       0x24 build/ST/STM32F746G-DISCO/gui/src/model/Model.o
                0x08001228                Model::setdVoltage(int)
 .text._ZN5Model11setdCurrentEi
                0x0800124c       0x24 build/ST/STM32F746G-DISCO/gui/src/model/Model.o
                0x0800124c                Model::setdCurrent(int)
 .text._ZN5Model13setMultiplierEi
                0x08001270        0x4 build/ST/STM32F746G-DISCO/gui/src/model/Model.o
                0x08001270                Model::setMultiplier(int)
 .text._ZNK8touchgfx9Container7getTypeEv
                0x08001274        0x4 build/ST/STM32F746G-DISCO/gui/src/common/Graph.o
                0x08001274                touchgfx::Container::getType() const
 .text._ZN5GraphD2Ev
                0x08001278       0x30 build/ST/STM32F746G-DISCO/gui/src/common/Graph.o
                0x08001278                Graph::~Graph()
                0x08001278                Graph::~Graph()
 .text._ZN5GraphD0Ev
                0x080012a8       0x12 build/ST/STM32F746G-DISCO/gui/src/common/Graph.o
                0x080012a8                Graph::~Graph()
 *fill*         0x080012ba        0x2 00000000
 .text._ZN5GraphC2Ev
                0x080012bc       0x6c build/ST/STM32F746G-DISCO/gui/src/common/Graph.o
                0x080012bc                Graph::Graph()
                0x080012bc                Graph::Graph()
 .text._ZN5Graph5setupEiit
                0x08001328       0x96 build/ST/STM32F746G-DISCO/gui/src/common/Graph.o
                0x08001328                Graph::setup(int, int, unsigned short)
 .text._ZN5Graph8setRangeEiiii
                0x080013be        0x6 build/ST/STM32F746G-DISCO/gui/src/common/Graph.o
                0x080013be                Graph::setRange(int, int, int, int)
 .text._ZN8touchgfx10Transition8tearDownEv
                0x080013c4        0x2 build/ST/STM32F746G-DISCO/gui/src/common/FrontendApplication.o
                0x080013c4                touchgfx::Transition::tearDown()
 .text._ZN8touchgfx10Transition4initEv
                0x080013c6        0x2 build/ST/STM32F746G-DISCO/gui/src/common/FrontendApplication.o
                0x080013c6                touchgfx::Transition::init()
 .text._ZN8touchgfx10Transition18setScreenContainerERNS_9ContainerE
                0x080013c8        0x4 build/ST/STM32F746G-DISCO/gui/src/common/FrontendApplication.o
                0x080013c8                touchgfx::Transition::setScreenContainer(touchgfx::Container&)
 .text._ZN8touchgfx11Application15appSwitchScreenEh
                0x080013cc        0x2 build/ST/STM32F746G-DISCO/gui/src/common/FrontendApplication.o
                0x080013cc                touchgfx::Application::appSwitchScreen(unsigned char)
 .text._ZN19FrontendApplicationD2Ev
                0x080013ce        0x2 build/ST/STM32F746G-DISCO/gui/src/common/FrontendApplication.o
                0x080013ce                FrontendApplication::~FrontendApplication()
                0x080013ce                FrontendApplication::~FrontendApplication()
 .text._ZN8touchgfx12NoTransitionD2Ev
                0x080013d0        0x2 build/ST/STM32F746G-DISCO/gui/src/common/FrontendApplication.o
                0x080013d0                touchgfx::NoTransition::~NoTransition()
                0x080013d0                touchgfx::NoTransition::~NoTransition()
 .text._ZN8touchgfx12NoTransition15handleTickEventEv
                0x080013d2        0x6 build/ST/STM32F746G-DISCO/gui/src/common/FrontendApplication.o
                0x080013d2                touchgfx::NoTransition::handleTickEvent()
 .text._ZN8touchgfx8CallbackI19FrontendApplicationvvED2Ev
                0x080013d8        0x2 build/ST/STM32F746G-DISCO/gui/src/common/FrontendApplication.o
                0x080013d8                touchgfx::Callback<FrontendApplication, void, void>::~Callback()
                0x080013d8                touchgfx::Callback<FrontendApplication, void, void>::~Callback()
 .text._ZN8touchgfx8CallbackI19FrontendApplicationvvE7executeEv
                0x080013da       0x1a build/ST/STM32F746G-DISCO/gui/src/common/FrontendApplication.o
                0x080013da                touchgfx::Callback<FrontendApplication, void, void>::execute()
 .text._ZNK8touchgfx8CallbackI19FrontendApplicationvvE7isValidEv
                0x080013f4       0x18 build/ST/STM32F746G-DISCO/gui/src/common/FrontendApplication.o
                0x080013f4                touchgfx::Callback<FrontendApplication, void, void>::isValid() const
 .text._ZN8touchgfx12NoTransitionD0Ev
                0x0800140c        0xc build/ST/STM32F746G-DISCO/gui/src/common/FrontendApplication.o
                0x0800140c                touchgfx::NoTransition::~NoTransition()
 .text._ZN19FrontendApplicationD0Ev
                0x08001418        0xc build/ST/STM32F746G-DISCO/gui/src/common/FrontendApplication.o
                0x08001418                FrontendApplication::~FrontendApplication()
 .text._ZN8touchgfx8CallbackI19FrontendApplicationvvED0Ev
                0x08001424        0xc build/ST/STM32F746G-DISCO/gui/src/common/FrontendApplication.o
                0x08001424                touchgfx::Callback<FrontendApplication, void, void>::~Callback()
 .text._ZN19FrontendApplication15handleTickEventEv
                0x08001430       0x16 build/ST/STM32F746G-DISCO/gui/src/common/FrontendApplication.o
                0x08001430                FrontendApplication::handleTickEvent()
 .text._ZN8touchgfx14MVPApplication29handlePendingScreenTransitionEv
                0x08001446       0x24 build/ST/STM32F746G-DISCO/gui/src/common/FrontendApplication.o
                0x08001446                touchgfx::MVPApplication::handlePendingScreenTransition()
 *fill*         0x0800146a        0x2 00000000
 .text._ZN8touchgfx8DrawableC2Ev
                0x0800146c       0x2c build/ST/STM32F746G-DISCO/gui/src/common/FrontendApplication.o
                0x0800146c                touchgfx::Drawable::Drawable()
                0x0800146c                touchgfx::Drawable::Drawable()
 .text._ZN8touchgfx5ImageC2ERKNS_6BitmapE
                0x08001498       0x28 build/ST/STM32F746G-DISCO/gui/src/common/FrontendApplication.o
                0x08001498                touchgfx::Image::Image(touchgfx::Bitmap const&)
                0x08001498                touchgfx::Image::Image(touchgfx::Bitmap const&)
 .text._ZN8touchgfx24TextAreaWithWildcardBaseC2Ev
                0x080014c0       0x30 build/ST/STM32F746G-DISCO/gui/src/common/FrontendApplication.o
                0x080014c0                touchgfx::TextAreaWithWildcardBase::TextAreaWithWildcardBase()
                0x080014c0                touchgfx::TextAreaWithWildcardBase::TextAreaWithWildcardBase()
 .text._ZN8MainViewC2Ev
                0x080014f0      0x140 build/ST/STM32F746G-DISCO/gui/src/common/FrontendApplication.o
                0x080014f0                MainView::MainView()
                0x080014f0                MainView::MainView()
 .text._ZN19FrontendApplicationC2ER5ModelR12FrontendHeap
                0x08001630       0x48 build/ST/STM32F746G-DISCO/gui/src/common/FrontendApplication.o
                0x08001630                FrontendApplication::FrontendApplication(Model&, FrontendHeap&)
                0x08001630                FrontendApplication::FrontendApplication(Model&, FrontendHeap&)
 .text._ZN19FrontendApplication8gotoMainEv
                0x08001678       0x20 build/ST/STM32F746G-DISCO/gui/src/common/FrontendApplication.o
                0x08001678                FrontendApplication::gotoMain()
 .text._ZN8touchgfx14makeTransitionI8MainView13MainPresenterNS_12NoTransitionE5ModelEEPT0_PPNS_6ScreenEPPNS_9PresenterERNS_7MVPHeapEPPNS_10TransitionEPT2_
                0x08001698      0x144 build/ST/STM32F746G-DISCO/gui/src/common/FrontendApplication.o
                0x08001698                MainPresenter* touchgfx::makeTransition<MainView, MainPresenter, touchgfx::NoTransition, Model>(touchgfx::Screen**, touchgfx::Presenter**, touchgfx::MVPHeap&, touchgfx::Transition**, Model*)
 .text._ZN19FrontendApplication12gotoMainImplEv
                0x080017dc       0x28 build/ST/STM32F746G-DISCO/gui/src/common/FrontendApplication.o
                0x080017dc                FrontendApplication::gotoMainImpl()
 .text._ZN8touchgfx12CanvasWidget8setAlphaEh
                0x08001804        0x6 build/ST/STM32F746G-DISCO/gui/src/common/AbstractGraph.o
                0x08001804                touchgfx::CanvasWidget::setAlpha(unsigned char)
 .text._ZNK8touchgfx12CanvasWidget8getAlphaEv
                0x0800180a        0x6 build/ST/STM32F746G-DISCO/gui/src/common/AbstractGraph.o
                0x0800180a                touchgfx::CanvasWidget::getAlpha() const
 .text._ZN13AbstractGraph4setXEs
                0x08001810        0xe build/ST/STM32F746G-DISCO/gui/src/common/AbstractGraph.o
                0x08001810                AbstractGraph::setX(short)
 .text._ZN13AbstractGraph4setYEs
                0x0800181e        0xe build/ST/STM32F746G-DISCO/gui/src/common/AbstractGraph.o
                0x0800181e                AbstractGraph::setY(short)
 .text._ZN13AbstractGraph8setWidthEs
                0x0800182c       0x26 build/ST/STM32F746G-DISCO/gui/src/common/AbstractGraph.o
                0x0800182c                AbstractGraph::setWidth(short)
 .text._ZN13AbstractGraph9setHeightEs
                0x08001852       0x26 build/ST/STM32F746G-DISCO/gui/src/common/AbstractGraph.o
                0x08001852                AbstractGraph::setHeight(short)
 .text._ZN13AbstractGraph10clearGraphEv
                0x08001878       0x10 build/ST/STM32F746G-DISCO/gui/src/common/AbstractGraph.o
                0x08001878                AbstractGraph::clearGraph()
 .text._ZN13AbstractGraph11deleteValueEi
                0x08001888       0x70 build/ST/STM32F746G-DISCO/gui/src/common/AbstractGraph.o
                0x08001888                AbstractGraph::deleteValue(int)
 .text._ZNK13AbstractGraph31invalidateRectContainingIndicesEii
                0x080018f8       0x36 build/ST/STM32F746G-DISCO/gui/src/common/AbstractGraph.o
                0x080018f8                AbstractGraph::invalidateRectContainingIndices(int, int) const
 .text._ZN13AbstractGraph12setNumPointsEi
                0x0800192e       0x10 build/ST/STM32F746G-DISCO/gui/src/common/AbstractGraph.o
                0x0800192e                AbstractGraph::setNumPoints(int)
 .text._ZN13AbstractGraph5findXEi
                0x0800193e       0x42 build/ST/STM32F746G-DISCO/gui/src/common/AbstractGraph.o
                0x0800193e                AbstractGraph::findX(int)
 .text._ZN13AbstractGraph8addValueEii
                0x08001980      0x100 build/ST/STM32F746G-DISCO/gui/src/common/AbstractGraph.o
                0x08001980                AbstractGraph::addValue(int, int)
 .text._ZN13AbstractGraph18insertPointAtIndexEi
                0x08001a80       0x74 build/ST/STM32F746G-DISCO/gui/src/common/AbstractGraph.o
                0x08001a80                AbstractGraph::insertPointAtIndex(int)
 .text._ZN13AbstractGraph23invalidateLineFromIndexEi
                0x08001af4       0x2e build/ST/STM32F746G-DISCO/gui/src/common/AbstractGraph.o
                0x08001af4                AbstractGraph::invalidateLineFromIndex(int)
 *fill*         0x08001b22        0x2 00000000
 .text._ZN13AbstractGraph18deletePointAtIndexEi
                0x08001b24       0x54 build/ST/STM32F746G-DISCO/gui/src/common/AbstractGraph.o
                0x08001b24                AbstractGraph::deletePointAtIndex(int)
 .text._ZNK13AbstractGraph14getMinimalRectEv
                0x08001b78       0x32 build/ST/STM32F746G-DISCO/gui/src/common/AbstractGraph.o
                0x08001b78                AbstractGraph::getMinimalRect() const
 .text._ZN13AbstractGraph11assignWidthEs
                0x08001baa       0x16 build/ST/STM32F746G-DISCO/gui/src/common/AbstractGraph.o
                0x08001baa                AbstractGraph::assignWidth(short)
 .text._ZN13AbstractGraph12assignHeightEs
                0x08001bc0       0x16 build/ST/STM32F746G-DISCO/gui/src/common/AbstractGraph.o
                0x08001bc0                AbstractGraph::assignHeight(short)
 *fill*         0x08001bd6        0x2 00000000
 .text._ZN13AbstractGraphC2Ev
                0x08001bd8       0x44 build/ST/STM32F746G-DISCO/gui/src/common/AbstractGraph.o
                0x08001bd8                AbstractGraph::AbstractGraph()
                0x08001bd8                AbstractGraph::AbstractGraph()
 .text._ZN13AbstractGraphD2Ev
                0x08001c1c       0x14 build/ST/STM32F746G-DISCO/gui/src/common/AbstractGraph.o
                0x08001c1c                AbstractGraph::~AbstractGraph()
                0x08001c1c                AbstractGraph::~AbstractGraph()
 .text._ZNK13AbstractGraph7widgetXEi
                0x08001c30       0x20 build/ST/STM32F746G-DISCO/gui/src/common/AbstractGraph.o
                0x08001c30                AbstractGraph::widgetX(int) const
 .text._ZNK13AbstractGraph7widgetYEi
                0x08001c50       0x20 build/ST/STM32F746G-DISCO/gui/src/common/AbstractGraph.o
                0x08001c50                AbstractGraph::widgetY(int) const
 .text._ZNK13AbstractGraph12widgetXindexEi
                0x08001c70       0x10 build/ST/STM32F746G-DISCO/gui/src/common/AbstractGraph.o
                0x08001c70                AbstractGraph::widgetXindex(int) const
 .text._ZNK13AbstractGraph14xAboveIncomingEi
                0x08001c80       0x1a build/ST/STM32F746G-DISCO/gui/src/common/AbstractGraph.o
                0x08001c80                AbstractGraph::xAboveIncoming(int) const
 .text._ZNK13AbstractGraph14xAboveOutgoingEi
                0x08001c9a       0x1a build/ST/STM32F746G-DISCO/gui/src/common/AbstractGraph.o
                0x08001c9a                AbstractGraph::xAboveOutgoing(int) const
 .text._ZNK13AbstractGraph14xBelowIncomingEi
                0x08001cb4       0x1c build/ST/STM32F746G-DISCO/gui/src/common/AbstractGraph.o
                0x08001cb4                AbstractGraph::xBelowIncoming(int) const
 .text._ZNK13AbstractGraph14xBelowOutgoingEi
                0x08001cd0       0x1c build/ST/STM32F746G-DISCO/gui/src/common/AbstractGraph.o
                0x08001cd0                AbstractGraph::xBelowOutgoing(int) const
 .text._ZNK13AbstractGraph12widgetYindexEi
                0x08001cec       0x12 build/ST/STM32F746G-DISCO/gui/src/common/AbstractGraph.o
                0x08001cec                AbstractGraph::widgetYindex(int) const
 .text._ZNK13AbstractGraph14yAboveOutgoingEi
                0x08001cfe       0x1c build/ST/STM32F746G-DISCO/gui/src/common/AbstractGraph.o
                0x08001cfe                AbstractGraph::yAboveOutgoing(int) const
 .text._ZNK13AbstractGraph14yAboveIncomingEi
                0x08001d1a       0x1c build/ST/STM32F746G-DISCO/gui/src/common/AbstractGraph.o
                0x08001d1a                AbstractGraph::yAboveIncoming(int) const
 .text._ZNK13AbstractGraph14yBelowIncomingEi
                0x08001d36       0x1a build/ST/STM32F746G-DISCO/gui/src/common/AbstractGraph.o
                0x08001d36                AbstractGraph::yBelowIncoming(int) const
 .text._ZNK13AbstractGraph14yBelowOutgoingEi
                0x08001d50       0x1a build/ST/STM32F746G-DISCO/gui/src/common/AbstractGraph.o
                0x08001d50                AbstractGraph::yBelowOutgoing(int) const
 .text._ZN13AbstractGraph46updateAndInvalidateCacheForLinesBetweenIndecesEii
                0x08001d6a       0xfe build/ST/STM32F746G-DISCO/gui/src/common/AbstractGraph.o
                0x08001d6a                AbstractGraph::updateAndInvalidateCacheForLinesBetweenIndeces(int, int)
 .text._ZN13AbstractGraph9setBufferEPNS_10GraphPointEi
                0x08001e68       0x10 build/ST/STM32F746G-DISCO/gui/src/common/AbstractGraph.o
                0x08001e68                AbstractGraph::setBuffer(AbstractGraph::GraphPoint*, int)
 .text._ZN13AbstractGraph11assignRangeEiiii
                0x08001e78       0x28 build/ST/STM32F746G-DISCO/gui/src/common/AbstractGraph.o
                0x08001e78                AbstractGraph::assignRange(int, int, int, int)
 .text._ZN13AbstractGraph8setRangeEiiii
                0x08001ea0       0x46 build/ST/STM32F746G-DISCO/gui/src/common/AbstractGraph.o
                0x08001ea0                AbstractGraph::setRange(int, int, int, int)
 .text._ZNK13AbstractGraph16drawCanvasWidgetERKN8touchgfx4RectE
                0x08001ee6      0x1e6 build/ST/STM32F746G-DISCO/gui/src/common/AbstractGraph.o
                0x08001ee6                AbstractGraph::drawCanvasWidget(touchgfx::Rect const&) const
 .text._ZNK9GraphLine31getMinimalRectContainingIndicesEii
                0x080020cc      0x128 build/ST/STM32F746G-DISCO/gui/src/common/GraphLine.o
                0x080020cc                GraphLine::getMinimalRectContainingIndices(int, int) const
 .text._ZN9GraphLineD2Ev
                0x080021f4       0x14 build/ST/STM32F746G-DISCO/gui/src/common/GraphLine.o
                0x080021f4                GraphLine::~GraphLine()
                0x080021f4                GraphLine::~GraphLine()
 .text._ZN9GraphLineD0Ev
                0x08002208       0x12 build/ST/STM32F746G-DISCO/gui/src/common/GraphLine.o
                0x08002208                GraphLine::~GraphLine()
 .text._ZNK9GraphLine16drawCanvasWidgetERKN8touchgfx4RectE
                0x0800221a      0x188 build/ST/STM32F746G-DISCO/gui/src/common/GraphLine.o
                0x0800221a                GraphLine::drawCanvasWidget(touchgfx::Rect const&) const
 .text._ZN8touchgfx17InternalFlashFontD2Ev
                0x080023a2        0x2 build/ST/STM32F746G-DISCO/generated/fonts/src/FontGetters.o
                0x080023a2                touchgfx::InternalFlashFont::~InternalFlashFont()
                0x080023a2                touchgfx::InternalFlashFont::~InternalFlashFont()
 .text._Z23getFont_verdana_10_4bppv
                0x080023a4       0x6c build/ST/STM32F746G-DISCO/generated/fonts/src/FontGetters.o
                0x080023a4                getFont_verdana_10_4bpp()
 .text._Z23getFont_verdana_20_4bppv
                0x08002410       0x74 build/ST/STM32F746G-DISCO/generated/fonts/src/FontGetters.o
                0x08002410                getFont_verdana_20_4bpp()
 .text._Z23getFont_verdana_40_4bppv
                0x08002484       0x6c build/ST/STM32F746G-DISCO/generated/fonts/src/FontGetters.o
                0x08002484                getFont_verdana_40_4bpp()
 .text._ZN8touchgfx17InternalFlashFontD0Ev
                0x080024f0        0xc build/ST/STM32F746G-DISCO/generated/fonts/src/FontGetters.o
                0x080024f0                touchgfx::InternalFlashFont::~InternalFlashFont()
 .text._ZN23ApplicationFontProviderD2Ev
                0x080024fc        0x2 build/ST/STM32F746G-DISCO/generated/fonts/src/ApplicationFontProvider.o
                0x080024fc                ApplicationFontProvider::~ApplicationFontProvider()
                0x080024fc                ApplicationFontProvider::~ApplicationFontProvider()
 .text._ZN23ApplicationFontProvider7getFontEt
                0x080024fe       0x1c build/ST/STM32F746G-DISCO/generated/fonts/src/ApplicationFontProvider.o
                0x080024fe                ApplicationFontProvider::getFont(unsigned short)
 .text._ZN23ApplicationFontProviderD0Ev
                0x0800251a        0xc build/ST/STM32F746G-DISCO/generated/fonts/src/ApplicationFontProvider.o
                0x0800251a                ApplicationFontProvider::~ApplicationFontProvider()
 *fill*         0x08002526        0x2 00000000
 .text._ZN17TypedTextDatabase11getInstanceEt
                0x08002528        0x8 build/ST/STM32F746G-DISCO/generated/texts/src/TypedTextDatabase.o
                0x08002528                TypedTextDatabase::getInstance(unsigned short)
 .text._ZN17TypedTextDatabase15getInstanceSizeEv
                0x08002530        0x4 build/ST/STM32F746G-DISCO/generated/texts/src/TypedTextDatabase.o
                0x08002530                TypedTextDatabase::getInstanceSize()
 .text._ZN17TypedTextDatabase8getFontsEv
                0x08002534        0x8 build/ST/STM32F746G-DISCO/generated/texts/src/TypedTextDatabase.o
                0x08002534                TypedTextDatabase::getFonts()
 .text.startup._GLOBAL__sub_I__ZN17TypedTextDatabase11getInstanceEt
                0x0800253c       0x1c build/ST/STM32F746G-DISCO/generated/texts/src/TypedTextDatabase.o
 .text._ZN8touchgfx5Texts11setLanguageEt
                0x08002558       0x44 build/ST/STM32F746G-DISCO/generated/texts/src/Texts.o
                0x08002558                touchgfx::Texts::setLanguage(unsigned short)
 .text.startup._GLOBAL__sub_I__ZN8touchgfx4Font22getStringWidthFunctionE
                0x0800259c       0x10 build/ST/STM32F746G-DISCO/generated/texts/src/Texts.o
 .text._ZN14BitmapDatabase11getInstanceEv
                0x080025ac        0x8 build/ST/STM32F746G-DISCO/generated/images/src/BitmapDatabase.o
                0x080025ac                BitmapDatabase::getInstance()
 .text._ZN14BitmapDatabase15getInstanceSizeEv
                0x080025b4        0x4 build/ST/STM32F746G-DISCO/generated/images/src/BitmapDatabase.o
                0x080025b4                BitmapDatabase::getInstanceSize()
 .text._ZL12IdleTaskHookPv
                0x080025b8       0x18 build/ST/STM32F746G-DISCO/touchgfx/os/FreeRTOS8.2.0/OSWrappers.o
 .text._ZN8touchgfx10OSWrappers10initializeEv
                0x080025d0       0x34 build/ST/STM32F746G-DISCO/touchgfx/os/FreeRTOS8.2.0/OSWrappers.o
                0x080025d0                touchgfx::OSWrappers::initialize()
 .text._ZN8touchgfx10OSWrappers24takeFrameBufferSemaphoreEv
                0x08002604       0x14 build/ST/STM32F746G-DISCO/touchgfx/os/FreeRTOS8.2.0/OSWrappers.o
                0x08002604                touchgfx::OSWrappers::takeFrameBufferSemaphore()
 .text._ZN8touchgfx10OSWrappers24giveFrameBufferSemaphoreEv
                0x08002618       0x14 build/ST/STM32F746G-DISCO/touchgfx/os/FreeRTOS8.2.0/OSWrappers.o
                0x08002618                touchgfx::OSWrappers::giveFrameBufferSemaphore()
 .text._ZN8touchgfx10OSWrappers27tryTakeFrameBufferSemaphoreEv
                0x0800262c       0x14 build/ST/STM32F746G-DISCO/touchgfx/os/FreeRTOS8.2.0/OSWrappers.o
                0x0800262c                touchgfx::OSWrappers::tryTakeFrameBufferSemaphore()
 .text._ZN8touchgfx10OSWrappers31giveFrameBufferSemaphoreFromISREv
                0x08002640       0x34 build/ST/STM32F746G-DISCO/touchgfx/os/FreeRTOS8.2.0/OSWrappers.o
                0x08002640                touchgfx::OSWrappers::giveFrameBufferSemaphoreFromISR()
 .text._ZN8touchgfx10OSWrappers11signalVSyncEv
                0x08002674       0x3c build/ST/STM32F746G-DISCO/touchgfx/os/FreeRTOS8.2.0/OSWrappers.o
                0x08002674                touchgfx::OSWrappers::signalVSync()
 .text._ZN8touchgfx10OSWrappers12waitForVSyncEv
                0x080026b0       0x2c build/ST/STM32F746G-DISCO/touchgfx/os/FreeRTOS8.2.0/OSWrappers.o
                0x080026b0                touchgfx::OSWrappers::waitForVSync()
 .text.vApplicationStackOverflowHook
                0x080026dc        0x2 build/ST/STM32F746G-DISCO/touchgfx/os/FreeRTOS8.2.0/OSWrappers.o
                0x080026dc                vApplicationStackOverflowHook
 .text.vApplicationMallocFailedHook
                0x080026de        0x2 build/ST/STM32F746G-DISCO/touchgfx/os/FreeRTOS8.2.0/OSWrappers.o
                0x080026de                vApplicationMallocFailedHook
 .text.vApplicationIdleHook
                0x080026e0        0xc build/ST/STM32F746G-DISCO/touchgfx/os/FreeRTOS8.2.0/OSWrappers.o
                0x080026e0                vApplicationIdleHook
 .text.__cxa_atexit
                0x080026ec        0x2 build/ST/STM32F746G-DISCO/touchgfx/config/gcc/gccstubs.o
                0x080026ec                __cxa_atexit
 .text.__cxa_guard_acquire
                0x080026ee        0x2 build/ST/STM32F746G-DISCO/touchgfx/config/gcc/gccstubs.o
                0x080026ee                __cxa_guard_acquire
 .text.__cxa_guard_release
                0x080026f0        0x2 build/ST/STM32F746G-DISCO/touchgfx/config/gcc/gccstubs.o
                0x080026f0                __cxa_guard_release
 .text.__cxa_pure_virtual
                0x080026f2        0x2 build/ST/STM32F746G-DISCO/touchgfx/config/gcc/gccstubs.o
                0x080026f2                __cxa_pure_virtual
 .text._sbrk    0x080026f4       0x2c build/ST/STM32F746G-DISCO/touchgfx/config/gcc/gccstubs.o
                0x080026f4                _sbrk
 .text.__assert_func
                0x08002720        0x2 build/ST/STM32F746G-DISCO/touchgfx/config/gcc/gccstubs.o
                0x08002720                __assert_func
 *fill*         0x08002722        0x2 00000000
 .text._ZL7GUITaskPv
                0x08002724       0x10 build/ST/STM32F746G-DISCO/target/main.o
 .text.startup.main
                0x08002734       0x78 build/ST/STM32F746G-DISCO/target/main.o
                0x08002734                main
 .text.trace.constprop.1
                0x080027ac       0x44 build/ST/STM32F746G-DISCO/controller/Controller.o
 .text.Controller_Initialize
                0x080027f0       0x3c build/ST/STM32F746G-DISCO/controller/Controller.o
                0x080027f0                Controller_Initialize
 .text.testCurrent
                0x0800282c       0x3c build/ST/STM32F746G-DISCO/controller/Controller.o
                0x0800282c                testCurrent
 .text.Controller_Task
                0x08002868      0x3b8 build/ST/STM32F746G-DISCO/controller/Controller.o
                0x08002868                Controller_Task
 .text.MX_ADC1_Init
                0x08002c20       0x4c build/ST/STM32F746G-DISCO/controller/PPS_Config.o
                0x08002c20                MX_ADC1_Init
 .text.MX_ADC3_Init
                0x08002c6c       0x50 build/ST/STM32F746G-DISCO/controller/PPS_Config.o
                0x08002c6c                MX_ADC3_Init
 .text.MX_GPIO_Init
                0x08002cbc       0xb4 build/ST/STM32F746G-DISCO/controller/PPS_Config.o
                0x08002cbc                MX_GPIO_Init
 .text.HAL_MspInit
                0x08002d70       0x60 build/ST/STM32F746G-DISCO/controller/PPS_Config.o
                0x08002d70                HAL_MspInit
 .text.HAL_ADC_MspInit
                0x08002dd0       0x8c build/ST/STM32F746G-DISCO/controller/PPS_Config.o
                0x08002dd0                HAL_ADC_MspInit
 .text.HAL_TIM_PWM_MspInit
                0x08002e5c       0x48 build/ST/STM32F746G-DISCO/controller/PPS_Config.o
                0x08002e5c                HAL_TIM_PWM_MspInit
 .text.HAL_TIM_MspPostInit
                0x08002ea4       0x54 build/ST/STM32F746G-DISCO/controller/PPS_Config.o
                0x08002ea4                HAL_TIM_MspPostInit
 .text.MX_TIM2_Init
                0x08002ef8       0x50 build/ST/STM32F746G-DISCO/controller/PPS_Config.o
                0x08002ef8                MX_TIM2_Init
 .text.MX_TIM3_Init
                0x08002f48       0x50 build/ST/STM32F746G-DISCO/controller/PPS_Config.o
                0x08002f48                MX_TIM3_Init
 .text._ZN8touchgfx18MCUInstrumentation13getCCConsumedEv
                0x08002f98        0x4 build/ST/STM32F746G-DISCO/touchgfx/board/ST/STM32F746G-DISCO/source/bsp/STM32F7Instrumentation.o
                0x08002f98                touchgfx::MCUInstrumentation::getCCConsumed()
 .text._ZN8touchgfx18MCUInstrumentation13setCCConsumedEm
                0x08002f9c        0x4 build/ST/STM32F746G-DISCO/touchgfx/board/ST/STM32F746G-DISCO/source/bsp/STM32F7Instrumentation.o
                0x08002f9c                touchgfx::MCUInstrumentation::setCCConsumed(unsigned long)
 .text._ZN8touchgfx22STM32F7Instrumentation12getElapsedUSEjjj
                0x08002fa0        0xc build/ST/STM32F746G-DISCO/touchgfx/board/ST/STM32F746G-DISCO/source/bsp/STM32F7Instrumentation.o
                0x08002fa0                touchgfx::STM32F7Instrumentation::getElapsedUS(unsigned int, unsigned int, unsigned int)
 .text._ZN8touchgfx22STM32F7Instrumentation12getCPUCyclesEv
                0x08002fac       0x10 build/ST/STM32F746G-DISCO/touchgfx/board/ST/STM32F746G-DISCO/source/bsp/STM32F7Instrumentation.o
                0x08002fac                touchgfx::STM32F7Instrumentation::getCPUCycles()
 .text._ZN8touchgfx22STM32F7InstrumentationD2Ev
                0x08002fbc        0x2 build/ST/STM32F746G-DISCO/touchgfx/board/ST/STM32F746G-DISCO/source/bsp/STM32F7Instrumentation.o
                0x08002fbc                touchgfx::STM32F7Instrumentation::~STM32F7Instrumentation()
                0x08002fbc                touchgfx::STM32F7Instrumentation::~STM32F7Instrumentation()
 *fill*         0x08002fbe        0x2 00000000
 .text._ZN8touchgfx22STM32F7Instrumentation4initEv
                0x08002fc0       0x48 build/ST/STM32F746G-DISCO/touchgfx/board/ST/STM32F746G-DISCO/source/bsp/STM32F7Instrumentation.o
                0x08002fc0                touchgfx::STM32F7Instrumentation::init()
 .text._ZN8touchgfx22STM32F7InstrumentationD0Ev
                0x08003008        0xc build/ST/STM32F746G-DISCO/touchgfx/board/ST/STM32F746G-DISCO/source/bsp/STM32F7Instrumentation.o
                0x08003008                touchgfx::STM32F7Instrumentation::~STM32F7Instrumentation()
 .text._ZN8touchgfx22STM32F7Instrumentation12setMCUActiveEb
                0x08003014       0x1e build/ST/STM32F746G-DISCO/touchgfx/board/ST/STM32F746G-DISCO/source/bsp/STM32F7Instrumentation.o
                0x08003014                touchgfx::STM32F7Instrumentation::setMCUActive(bool)
 .text._ZN8touchgfx25STM32F746GTouchControllerD2Ev
                0x08003032        0x2 build/ST/STM32F746G-DISCO/touchgfx/board/ST/STM32F746G-DISCO/source/bsp/STM32F746GTouchController.o
                0x08003032                touchgfx::STM32F746GTouchController::~STM32F746GTouchController()
                0x08003032                touchgfx::STM32F746GTouchController::~STM32F746GTouchController()
 .text._ZN8touchgfx25STM32F746GTouchController4initEv
                0x08003034       0x1e build/ST/STM32F746G-DISCO/touchgfx/board/ST/STM32F746G-DISCO/source/bsp/STM32F746GTouchController.o
                0x08003034                touchgfx::STM32F746GTouchController::init()
 .text._ZN8touchgfx25STM32F746GTouchControllerD0Ev
                0x08003052        0xc build/ST/STM32F746G-DISCO/touchgfx/board/ST/STM32F746G-DISCO/source/bsp/STM32F746GTouchController.o
                0x08003052                touchgfx::STM32F746GTouchController::~STM32F746GTouchController()
 .text._ZN8touchgfx25STM32F746GTouchController11sampleTouchERlS1_
                0x0800305e       0x2e build/ST/STM32F746G-DISCO/touchgfx/board/ST/STM32F746G-DISCO/source/bsp/STM32F746GTouchController.o
                0x0800305e                touchgfx::STM32F746GTouchController::sampleTouch(long&, long&)
 .text._ZN8touchgfx13DMA_Interface5flushEv
                0x0800308c        0x6 build/ST/STM32F746G-DISCO/touchgfx/framework/source/platform/hal/ST/mcu/stm32f7xx/STM32F7DMA.o
                0x0800308c                touchgfx::DMA_Interface::flush()
 .text._ZN10STM32F7DMA18signalDMAInterruptEv
                0x08003092        0x6 build/ST/STM32F746G-DISCO/touchgfx/framework/source/platform/hal/ST/mcu/stm32f7xx/STM32F7DMA.o
                0x08003092                STM32F7DMA::signalDMAInterrupt()
 .text.SCB_CleanInvalidateDCache
                0x08003098       0x48 build/ST/STM32F746G-DISCO/touchgfx/framework/source/platform/hal/ST/mcu/stm32f7xx/STM32F7DMA.o
 .text._ZN10STM32F7DMAD2Ev
                0x080030e0        0x2 build/ST/STM32F746G-DISCO/touchgfx/framework/source/platform/hal/ST/mcu/stm32f7xx/STM32F7DMA.o
                0x080030e0                STM32F7DMA::~STM32F7DMA()
                0x080030e0                STM32F7DMA::~STM32F7DMA()
 *fill*         0x080030e2        0x2 00000000
 .text._ZN10STM32F7DMA10initializeEv
                0x080030e4       0x18 build/ST/STM32F746G-DISCO/touchgfx/framework/source/platform/hal/ST/mcu/stm32f7xx/STM32F7DMA.o
                0x080030e4                STM32F7DMA::initialize()
 .text._ZN10STM32F7DMA11getBlitCapsEv
                0x080030fc       0x14 build/ST/STM32F746G-DISCO/touchgfx/framework/source/platform/hal/ST/mcu/stm32f7xx/STM32F7DMA.o
                0x080030fc                STM32F7DMA::getBlitCaps()
 .text._ZN10STM32F7DMAD0Ev
                0x08003110        0xc build/ST/STM32F746G-DISCO/touchgfx/framework/source/platform/hal/ST/mcu/stm32f7xx/STM32F7DMA.o
                0x08003110                STM32F7DMA::~STM32F7DMA()
 .text._ZN10STM32F7DMA18setupFillWithAlphaERKN8touchgfx6BlitOpE
                0x0800311c      0x124 build/ST/STM32F746G-DISCO/touchgfx/framework/source/platform/hal/ST/mcu/stm32f7xx/STM32F7DMA.o
                0x0800311c                STM32F7DMA::setupFillWithAlpha(touchgfx::BlitOp const&)
 .text._ZN10STM32F7DMA13setupDataCopyERKN8touchgfx6BlitOpE
                0x08003240      0x1b4 build/ST/STM32F746G-DISCO/touchgfx/framework/source/platform/hal/ST/mcu/stm32f7xx/STM32F7DMA.o
                0x08003240                STM32F7DMA::setupDataCopy(touchgfx::BlitOp const&)
 .text._ZN10STM32F7DMA13setupDataFillERKN8touchgfx6BlitOpE
                0x080033f4      0x104 build/ST/STM32F746G-DISCO/touchgfx/framework/source/platform/hal/ST/mcu/stm32f7xx/STM32F7DMA.o
                0x080033f4                STM32F7DMA::setupDataFill(touchgfx::BlitOp const&)
 .text._ZN10STM32F7DMAC2Ev
                0x080034f8       0x4c build/ST/STM32F746G-DISCO/touchgfx/framework/source/platform/hal/ST/mcu/stm32f7xx/STM32F7DMA.o
                0x080034f8                STM32F7DMA::STM32F7DMA()
                0x080034f8                STM32F7DMA::STM32F7DMA()
 .text._ZN8touchgfx3HAL21setDisplayOrientationENS_18DisplayOrientationE
                0x08003544        0xc build/ST/STM32F746G-DISCO/touchgfx/framework/source/platform/hal/ST/mcu/stm32f7xx/STM32F7HAL.o
                0x08003544                touchgfx::HAL::setDisplayOrientation(touchgfx::DisplayOrientation)
 .text._ZN8touchgfx3HAL11getBlitCapsEv
                0x08003550        0x8 build/ST/STM32F746G-DISCO/touchgfx/framework/source/platform/hal/ST/mcu/stm32f7xx/STM32F7HAL.o
                0x08003550                touchgfx::HAL::getBlitCaps()
 .text._ZN8touchgfx3HAL9sampleKeyERh
                0x08003558        0x4 build/ST/STM32F746G-DISCO/touchgfx/framework/source/platform/hal/ST/mcu/stm32f7xx/STM32F7HAL.o
                0x08003558                touchgfx::HAL::sampleKey(unsigned char&)
 .text._ZN8touchgfx3HAL9taskDelayEt
                0x0800355c        0xa build/ST/STM32F746G-DISCO/touchgfx/framework/source/platform/hal/ST/mcu/stm32f7xx/STM32F7HAL.o
                0x0800355c                touchgfx::HAL::taskDelay(unsigned short)
 *fill*         0x08003566        0x2 00000000
 .text.SCB_CleanInvalidateDCache
                0x08003568       0x48 build/ST/STM32F746G-DISCO/touchgfx/framework/source/platform/hal/ST/mcu/stm32f7xx/STM32F7HAL.o
 .text._ZNK10STM32F7HAL17getTFTFrameBufferEv
                0x080035b0        0xc build/ST/STM32F746G-DISCO/touchgfx/framework/source/platform/hal/ST/mcu/stm32f7xx/STM32F7HAL.o
                0x080035b0                STM32F7HAL::getTFTFrameBuffer() const
 .text._ZN10STM32F7HAL17setTFTFrameBufferEPt
                0x080035bc       0x10 build/ST/STM32F746G-DISCO/touchgfx/framework/source/platform/hal/ST/mcu/stm32f7xx/STM32F7HAL.o
                0x080035bc                STM32F7HAL::setTFTFrameBuffer(unsigned short*)
 .text._ZN10STM32F7HAL17getTFTCurrentLineEv
                0x080035cc       0x20 build/ST/STM32F746G-DISCO/touchgfx/framework/source/platform/hal/ST/mcu/stm32f7xx/STM32F7HAL.o
                0x080035cc                STM32F7HAL::getTFTCurrentLine()
 .text._ZN10STM32F7HAL28enableLCDControllerInterruptEv
                0x080035ec       0x30 build/ST/STM32F746G-DISCO/touchgfx/framework/source/platform/hal/ST/mcu/stm32f7xx/STM32F7HAL.o
                0x080035ec                STM32F7HAL::enableLCDControllerInterrupt()
 .text._ZN10STM32F7HALD2Ev
                0x0800361c        0x2 build/ST/STM32F746G-DISCO/touchgfx/framework/source/platform/hal/ST/mcu/stm32f7xx/STM32F7HAL.o
                0x0800361c                STM32F7HAL::~STM32F7HAL()
                0x0800361c                STM32F7HAL::~STM32F7HAL()
 .text._ZN10STM32F7HAL16flushFrameBufferERKN8touchgfx4RectE
                0x0800361e        0xe build/ST/STM32F746G-DISCO/touchgfx/framework/source/platform/hal/ST/mcu/stm32f7xx/STM32F7HAL.o
                0x0800361e                STM32F7HAL::flushFrameBuffer(touchgfx::Rect const&)
 .text._ZN8touchgfx3HAL15backPorchExitedEv
                0x0800362c       0x14 build/ST/STM32F746G-DISCO/touchgfx/framework/source/platform/hal/ST/mcu/stm32f7xx/STM32F7HAL.o
                0x0800362c                touchgfx::HAL::backPorchExited()
 .text._ZN10STM32F7HAL16flushFrameBufferEv
                0x08003640        0x4 build/ST/STM32F746G-DISCO/touchgfx/framework/source/platform/hal/ST/mcu/stm32f7xx/STM32F7HAL.o
                0x08003640                STM32F7HAL::flushFrameBuffer()
 .text._ZN10STM32F7HALD0Ev
                0x08003644        0xc build/ST/STM32F746G-DISCO/touchgfx/framework/source/platform/hal/ST/mcu/stm32f7xx/STM32F7HAL.o
                0x08003644                STM32F7HAL::~STM32F7HAL()
 .text._ZN8touchgfx3HAL31performDisplayOrientationChangeEv
                0x08003650       0x5c build/ST/STM32F746G-DISCO/touchgfx/framework/source/platform/hal/ST/mcu/stm32f7xx/STM32F7HAL.o
                0x08003650                touchgfx::HAL::performDisplayOrientationChange()
 .text._ZN8touchgfx3HAL28setFrameBufferStartAddressesEPvS1_S1_
                0x080036ac       0x44 build/ST/STM32F746G-DISCO/touchgfx/framework/source/platform/hal/ST/mcu/stm32f7xx/STM32F7HAL.o
                0x080036ac                touchgfx::HAL::setFrameBufferStartAddresses(void*, void*, void*)
 .text._ZN8touchgfx3HAL26setFrameBufferStartAddressEPvtbb
                0x080036f0       0x84 build/ST/STM32F746G-DISCO/touchgfx/framework/source/platform/hal/ST/mcu/stm32f7xx/STM32F7HAL.o
                0x080036f0                touchgfx::HAL::setFrameBufferStartAddress(void*, unsigned short, bool, bool)
 .text._ZN10STM32F7HAL19configureInterruptsEv
                0x08003774       0x14 build/ST/STM32F746G-DISCO/touchgfx/framework/source/platform/hal/ST/mcu/stm32f7xx/STM32F7HAL.o
                0x08003774                STM32F7HAL::configureInterrupts()
 .text._ZN10STM32F7HAL17disableInterruptsEv
                0x08003788       0x18 build/ST/STM32F746G-DISCO/touchgfx/framework/source/platform/hal/ST/mcu/stm32f7xx/STM32F7HAL.o
                0x08003788                STM32F7HAL::disableInterrupts()
 .text._ZN10STM32F7HAL16enableInterruptsEv
                0x080037a0       0x14 build/ST/STM32F746G-DISCO/touchgfx/framework/source/platform/hal/ST/mcu/stm32f7xx/STM32F7HAL.o
                0x080037a0                STM32F7HAL::enableInterrupts()
 .text.LTDC_IRQHandler
                0x080037b4       0x68 build/ST/STM32F746G-DISCO/touchgfx/framework/source/platform/hal/ST/mcu/stm32f7xx/STM32F7HAL.o
                0x080037b4                LTDC_IRQHandler
 .text.DMA2D_IRQHandler
                0x0800381c       0x2c build/ST/STM32F746G-DISCO/touchgfx/framework/source/platform/hal/ST/mcu/stm32f7xx/STM32F7HAL.o
                0x0800381c                DMA2D_IRQHandler
 .text._ZN8touchgfx8LCD16bppD2Ev
                0x08003848        0x2 build/ST/STM32F746G-DISCO/touchgfx/board/ST/STM32F746G-DISCO/source/BoardConfiguration.o
                0x08003848                touchgfx::LCD16bpp::~LCD16bpp()
                0x08003848                touchgfx::LCD16bpp::~LCD16bpp()
 .text._ZNK8touchgfx9PartitionINS_4meta8TypeListINS_12NoTransitionENS1_3NilEEELt1EE8capacityEv
                0x0800384a        0x4 build/ST/STM32F746G-DISCO/touchgfx/board/ST/STM32F746G-DISCO/source/BoardConfiguration.o
                0x0800384a                touchgfx::Partition<touchgfx::meta::TypeList<touchgfx::NoTransition, touchgfx::meta::Nil>, (unsigned short)1>::capacity() const
 .text._ZN8touchgfx9PartitionINS_4meta8TypeListINS_12NoTransitionENS1_3NilEEELt1EE12element_sizeEv
                0x0800384e        0x4 build/ST/STM32F746G-DISCO/touchgfx/board/ST/STM32F746G-DISCO/source/BoardConfiguration.o
                0x0800384e                touchgfx::Partition<touchgfx::meta::TypeList<touchgfx::NoTransition, touchgfx::meta::Nil>, (unsigned short)1>::element_size()
 .text._ZN8touchgfx9PartitionINS_4meta8TypeListINS_12NoTransitionENS1_3NilEEELt1EE7elementEt
                0x08003852        0xa build/ST/STM32F746G-DISCO/touchgfx/board/ST/STM32F746G-DISCO/source/BoardConfiguration.o
                0x08003852                touchgfx::Partition<touchgfx::meta::TypeList<touchgfx::NoTransition, touchgfx::meta::Nil>, (unsigned short)1>::element(unsigned short)
 .text._ZNK8touchgfx9PartitionINS_4meta8TypeListINS_12NoTransitionENS1_3NilEEELt1EE7elementEt
                0x0800385c        0xa build/ST/STM32F746G-DISCO/touchgfx/board/ST/STM32F746G-DISCO/source/BoardConfiguration.o
                0x0800385c                touchgfx::Partition<touchgfx::meta::TypeList<touchgfx::NoTransition, touchgfx::meta::Nil>, (unsigned short)1>::element(unsigned short) const
 .text._ZNK8touchgfx9PartitionINS_4meta8TypeListI8MainViewNS1_3NilEEELt1EE8capacityEv
                0x08003866        0x4 build/ST/STM32F746G-DISCO/touchgfx/board/ST/STM32F746G-DISCO/source/BoardConfiguration.o
                0x08003866                touchgfx::Partition<touchgfx::meta::TypeList<MainView, touchgfx::meta::Nil>, (unsigned short)1>::capacity() const
 .text._ZN8touchgfx9PartitionINS_4meta8TypeListI8MainViewNS1_3NilEEELt1EE12element_sizeEv
                0x0800386a        0x6 build/ST/STM32F746G-DISCO/touchgfx/board/ST/STM32F746G-DISCO/source/BoardConfiguration.o
                0x0800386a                touchgfx::Partition<touchgfx::meta::TypeList<MainView, touchgfx::meta::Nil>, (unsigned short)1>::element_size()
 .text._ZN8touchgfx9PartitionINS_4meta8TypeListI8MainViewNS1_3NilEEELt1EE7elementEt
                0x08003870        0xc build/ST/STM32F746G-DISCO/touchgfx/board/ST/STM32F746G-DISCO/source/BoardConfiguration.o
                0x08003870                touchgfx::Partition<touchgfx::meta::TypeList<MainView, touchgfx::meta::Nil>, (unsigned short)1>::element(unsigned short)
 .text._ZNK8touchgfx9PartitionINS_4meta8TypeListI8MainViewNS1_3NilEEELt1EE7elementEt
                0x0800387c        0xc build/ST/STM32F746G-DISCO/touchgfx/board/ST/STM32F746G-DISCO/source/BoardConfiguration.o
                0x0800387c                touchgfx::Partition<touchgfx::meta::TypeList<MainView, touchgfx::meta::Nil>, (unsigned short)1>::element(unsigned short) const
 .text._ZNK8touchgfx9PartitionINS_4meta8TypeListI13MainPresenterNS1_3NilEEELt1EE8capacityEv
                0x08003888        0x4 build/ST/STM32F746G-DISCO/touchgfx/board/ST/STM32F746G-DISCO/source/BoardConfiguration.o
                0x08003888                touchgfx::Partition<touchgfx::meta::TypeList<MainPresenter, touchgfx::meta::Nil>, (unsigned short)1>::capacity() const
 .text._ZN8touchgfx9PartitionINS_4meta8TypeListI13MainPresenterNS1_3NilEEELt1EE12element_sizeEv
                0x0800388c        0x4 build/ST/STM32F746G-DISCO/touchgfx/board/ST/STM32F746G-DISCO/source/BoardConfiguration.o
                0x0800388c                touchgfx::Partition<touchgfx::meta::TypeList<MainPresenter, touchgfx::meta::Nil>, (unsigned short)1>::element_size()
 .text._ZN8touchgfx9PartitionINS_4meta8TypeListI13MainPresenterNS1_3NilEEELt1EE7elementEt
                0x08003890        0xa build/ST/STM32F746G-DISCO/touchgfx/board/ST/STM32F746G-DISCO/source/BoardConfiguration.o
                0x08003890                touchgfx::Partition<touchgfx::meta::TypeList<MainPresenter, touchgfx::meta::Nil>, (unsigned short)1>::element(unsigned short)
 .text._ZNK8touchgfx9PartitionINS_4meta8TypeListI13MainPresenterNS1_3NilEEELt1EE7elementEt
                0x0800389a        0xa build/ST/STM32F746G-DISCO/touchgfx/board/ST/STM32F746G-DISCO/source/BoardConfiguration.o
                0x0800389a                touchgfx::Partition<touchgfx::meta::TypeList<MainPresenter, touchgfx::meta::Nil>, (unsigned short)1>::element(unsigned short) const
 .text._ZN8touchgfx9PartitionINS_4meta8TypeListINS_12NoTransitionENS1_3NilEEELt1EED2Ev
                0x080038a4       0x14 build/ST/STM32F746G-DISCO/touchgfx/board/ST/STM32F746G-DISCO/source/BoardConfiguration.o
                0x080038a4                touchgfx::Partition<touchgfx::meta::TypeList<touchgfx::NoTransition, touchgfx::meta::Nil>, (unsigned short)1>::~Partition()
                0x080038a4                touchgfx::Partition<touchgfx::meta::TypeList<touchgfx::NoTransition, touchgfx::meta::Nil>, (unsigned short)1>::~Partition()
 .text._ZN8touchgfx9PartitionINS_4meta8TypeListINS_12NoTransitionENS1_3NilEEELt1EED0Ev
                0x080038b8       0x12 build/ST/STM32F746G-DISCO/touchgfx/board/ST/STM32F746G-DISCO/source/BoardConfiguration.o
                0x080038b8                touchgfx::Partition<touchgfx::meta::TypeList<touchgfx::NoTransition, touchgfx::meta::Nil>, (unsigned short)1>::~Partition()
 *fill*         0x080038ca        0x2 00000000
 .text._ZN8touchgfx9PartitionINS_4meta8TypeListI8MainViewNS1_3NilEEELt1EED2Ev
                0x080038cc       0x14 build/ST/STM32F746G-DISCO/touchgfx/board/ST/STM32F746G-DISCO/source/BoardConfiguration.o
                0x080038cc                touchgfx::Partition<touchgfx::meta::TypeList<MainView, touchgfx::meta::Nil>, (unsigned short)1>::~Partition()
                0x080038cc                touchgfx::Partition<touchgfx::meta::TypeList<MainView, touchgfx::meta::Nil>, (unsigned short)1>::~Partition()
 .text._ZN8touchgfx9PartitionINS_4meta8TypeListI8MainViewNS1_3NilEEELt1EED0Ev
                0x080038e0       0x12 build/ST/STM32F746G-DISCO/touchgfx/board/ST/STM32F746G-DISCO/source/BoardConfiguration.o
                0x080038e0                touchgfx::Partition<touchgfx::meta::TypeList<MainView, touchgfx::meta::Nil>, (unsigned short)1>::~Partition()
 *fill*         0x080038f2        0x2 00000000
 .text._ZN8touchgfx9PartitionINS_4meta8TypeListI13MainPresenterNS1_3NilEEELt1EED2Ev
                0x080038f4       0x14 build/ST/STM32F746G-DISCO/touchgfx/board/ST/STM32F746G-DISCO/source/BoardConfiguration.o
                0x080038f4                touchgfx::Partition<touchgfx::meta::TypeList<MainPresenter, touchgfx::meta::Nil>, (unsigned short)1>::~Partition()
                0x080038f4                touchgfx::Partition<touchgfx::meta::TypeList<MainPresenter, touchgfx::meta::Nil>, (unsigned short)1>::~Partition()
 .text._ZN8touchgfx9PartitionINS_4meta8TypeListI13MainPresenterNS1_3NilEEELt1EED0Ev
                0x08003908       0x12 build/ST/STM32F746G-DISCO/touchgfx/board/ST/STM32F746G-DISCO/source/BoardConfiguration.o
                0x08003908                touchgfx::Partition<touchgfx::meta::TypeList<MainPresenter, touchgfx::meta::Nil>, (unsigned short)1>::~Partition()
 *fill*         0x0800391a        0x2 00000000
 .text._ZN12FrontendHeapD2Ev
                0x0800391c       0x28 build/ST/STM32F746G-DISCO/touchgfx/board/ST/STM32F746G-DISCO/source/BoardConfiguration.o
                0x0800391c                FrontendHeap::~FrontendHeap()
                0x0800391c                FrontendHeap::~FrontendHeap()
 .text._ZN12FrontendHeapD0Ev
                0x08003944       0x12 build/ST/STM32F746G-DISCO/touchgfx/board/ST/STM32F746G-DISCO/source/BoardConfiguration.o
                0x08003944                FrontendHeap::~FrontendHeap()
 *fill*         0x08003956        0x2 00000000
 .text._ZN12FrontendHeap11getInstanceEv
                0x08003958       0xa4 build/ST/STM32F746G-DISCO/touchgfx/board/ST/STM32F746G-DISCO/source/BoardConfiguration.o
                0x08003958                FrontendHeap::getInstance()
 .text._ZN8touchgfx8LCD16bppD0Ev
                0x080039fc        0xc build/ST/STM32F746G-DISCO/touchgfx/board/ST/STM32F746G-DISCO/source/BoardConfiguration.o
                0x080039fc                touchgfx::LCD16bpp::~LCD16bpp()
 .text.SysTick_Handler
                0x08003a08       0x1c build/ST/STM32F746G-DISCO/touchgfx/board/ST/STM32F746G-DISCO/source/BoardConfiguration.o
                0x08003a08                SysTick_Handler
 .text._ZN8touchgfx13touchgfx_initEv
                0x08003a24      0x180 build/ST/STM32F746G-DISCO/touchgfx/board/ST/STM32F746G-DISCO/source/BoardConfiguration.o
                0x08003a24                touchgfx::touchgfx_init()
 .text.SystemClock_Config
                0x08003ba4       0xa0 build/ST/STM32F746G-DISCO/touchgfx/board/ST/STM32F746G-DISCO/source/BoardConfiguration.o
                0x08003ba4                SystemClock_Config
 .text._ZN8touchgfx7hw_initEv
                0x08003c44      0x190 build/ST/STM32F746G-DISCO/touchgfx/board/ST/STM32F746G-DISCO/source/BoardConfiguration.o
                0x08003c44                touchgfx::hw_init()
 .text.startup._GLOBAL__sub_I_os_inited
                0x08003dd4       0x98 build/ST/STM32F746G-DISCO/touchgfx/board/ST/STM32F746G-DISCO/source/BoardConfiguration.o
 .text._ZN8touchgfx4GPIO4initEv
                0x08003e6c       0x1c build/ST/STM32F746G-DISCO/touchgfx/board/ST/STM32F746G-DISCO/source/GPIO.o
                0x08003e6c                touchgfx::GPIO::init()
 .text._ZN8touchgfx4GPIO3setENS0_7GPIO_IDE
                0x08003e88       0x14 build/ST/STM32F746G-DISCO/touchgfx/board/ST/STM32F746G-DISCO/source/GPIO.o
                0x08003e88                touchgfx::GPIO::set(touchgfx::GPIO::GPIO_ID)
 .text._ZN8touchgfx4GPIO5clearENS0_7GPIO_IDE
                0x08003e9c       0x14 build/ST/STM32F746G-DISCO/touchgfx/board/ST/STM32F746G-DISCO/source/GPIO.o
                0x08003e9c                touchgfx::GPIO::clear(touchgfx::GPIO::GPIO_ID)
 .text._ZN8touchgfx4GPIO6toggleENS0_7GPIO_IDE
                0x08003eb0        0xc build/ST/STM32F746G-DISCO/touchgfx/board/ST/STM32F746G-DISCO/source/GPIO.o
                0x08003eb0                touchgfx::GPIO::toggle(touchgfx::GPIO::GPIO_ID)
 .text.vListInitialise
                0x08003ebc       0x16 build/ST/STM32F746G-DISCO/touchgfx/os/FreeRTOS8.2.0/Source/list.o
                0x08003ebc                vListInitialise
 .text.vListInitialiseItem
                0x08003ed2        0x6 build/ST/STM32F746G-DISCO/touchgfx/os/FreeRTOS8.2.0/Source/list.o
                0x08003ed2                vListInitialiseItem
 .text.vListInsertEnd
                0x08003ed8       0x18 build/ST/STM32F746G-DISCO/touchgfx/os/FreeRTOS8.2.0/Source/list.o
                0x08003ed8                vListInsertEnd
 .text.vListInsert
                0x08003ef0       0x30 build/ST/STM32F746G-DISCO/touchgfx/os/FreeRTOS8.2.0/Source/list.o
                0x08003ef0                vListInsert
 .text.uxListRemove
                0x08003f20       0x24 build/ST/STM32F746G-DISCO/touchgfx/os/FreeRTOS8.2.0/Source/list.o
                0x08003f20                uxListRemove
 .text.unlikely.prvCopyDataToQueue
                0x08003f44       0x6a build/ST/STM32F746G-DISCO/touchgfx/os/FreeRTOS8.2.0/Source/queue.o
 .text.unlikely.prvCopyDataFromQueue
                0x08003fae       0x28 build/ST/STM32F746G-DISCO/touchgfx/os/FreeRTOS8.2.0/Source/queue.o
 .text.prvUnlockQueue
                0x08003fd6       0x64 build/ST/STM32F746G-DISCO/touchgfx/os/FreeRTOS8.2.0/Source/queue.o
 *fill*         0x0800403a        0x2 00000000
 .text.xQueueGenericReset
                0x0800403c       0x84 build/ST/STM32F746G-DISCO/touchgfx/os/FreeRTOS8.2.0/Source/queue.o
                0x0800403c                xQueueGenericReset
 .text.xQueueGenericCreate
                0x080040c0       0x6c build/ST/STM32F746G-DISCO/touchgfx/os/FreeRTOS8.2.0/Source/queue.o
                0x080040c0                xQueueGenericCreate
 .text.xQueueGenericSend
                0x0800412c      0x148 build/ST/STM32F746G-DISCO/touchgfx/os/FreeRTOS8.2.0/Source/queue.o
                0x0800412c                xQueueGenericSend
 .text.xQueueGenericSendFromISR
                0x08004274       0xc8 build/ST/STM32F746G-DISCO/touchgfx/os/FreeRTOS8.2.0/Source/queue.o
                0x08004274                xQueueGenericSendFromISR
 .text.xQueueGiveFromISR
                0x0800433c       0x90 build/ST/STM32F746G-DISCO/touchgfx/os/FreeRTOS8.2.0/Source/queue.o
                0x0800433c                xQueueGiveFromISR
 .text.xQueueGenericReceive
                0x080043cc      0x164 build/ST/STM32F746G-DISCO/touchgfx/os/FreeRTOS8.2.0/Source/queue.o
                0x080043cc                xQueueGenericReceive
 .text.prvResetNextTaskUnblockTime
                0x08004530       0x24 build/ST/STM32F746G-DISCO/touchgfx/os/FreeRTOS8.2.0/Source/tasks.o
 .text.prvAddCurrentTaskToDelayedList
                0x08004554       0x50 build/ST/STM32F746G-DISCO/touchgfx/os/FreeRTOS8.2.0/Source/tasks.o
 .text.unlikely.xTaskGenericCreate.part.5
                0x080045a4      0x1c8 build/ST/STM32F746G-DISCO/touchgfx/os/FreeRTOS8.2.0/Source/tasks.o
 .text.xTaskGenericCreate
                0x0800476c       0x48 build/ST/STM32F746G-DISCO/touchgfx/os/FreeRTOS8.2.0/Source/tasks.o
                0x0800476c                xTaskGenericCreate
 .text.vTaskStartScheduler
                0x080047b4       0x6c build/ST/STM32F746G-DISCO/touchgfx/os/FreeRTOS8.2.0/Source/tasks.o
                0x080047b4                vTaskStartScheduler
 .text.vTaskSuspendAll
                0x08004820       0x10 build/ST/STM32F746G-DISCO/touchgfx/os/FreeRTOS8.2.0/Source/tasks.o
                0x08004820                vTaskSuspendAll
 .text.xTaskIncrementTick
                0x08004830      0x118 build/ST/STM32F746G-DISCO/touchgfx/os/FreeRTOS8.2.0/Source/tasks.o
                0x08004830                xTaskIncrementTick
 .text.xTaskResumeAll
                0x08004948       0xe8 build/ST/STM32F746G-DISCO/touchgfx/os/FreeRTOS8.2.0/Source/tasks.o
                0x08004948                xTaskResumeAll
 .text.vTaskDelay
                0x08004a30       0x80 build/ST/STM32F746G-DISCO/touchgfx/os/FreeRTOS8.2.0/Source/tasks.o
                0x08004a30                vTaskDelay
 .text.prvIdleTask
                0x08004ab0       0x78 build/ST/STM32F746G-DISCO/touchgfx/os/FreeRTOS8.2.0/Source/tasks.o
 .text.vTaskSetApplicationTaskTag
                0x08004b28       0x20 build/ST/STM32F746G-DISCO/touchgfx/os/FreeRTOS8.2.0/Source/tasks.o
                0x08004b28                vTaskSetApplicationTaskTag
 .text.xTaskCallApplicationTaskHook
                0x08004b48       0x18 build/ST/STM32F746G-DISCO/touchgfx/os/FreeRTOS8.2.0/Source/tasks.o
                0x08004b48                xTaskCallApplicationTaskHook
 .text.vTaskSwitchContext
                0x08004b60       0xc0 build/ST/STM32F746G-DISCO/touchgfx/os/FreeRTOS8.2.0/Source/tasks.o
                0x08004b60                vTaskSwitchContext
 .text.vTaskPlaceOnEventList
                0x08004c20       0x74 build/ST/STM32F746G-DISCO/touchgfx/os/FreeRTOS8.2.0/Source/tasks.o
                0x08004c20                vTaskPlaceOnEventList
 .text.xTaskRemoveFromEventList
                0x08004c94       0x88 build/ST/STM32F746G-DISCO/touchgfx/os/FreeRTOS8.2.0/Source/tasks.o
                0x08004c94                xTaskRemoveFromEventList
 .text.vTaskSetTimeOutState
                0x08004d1c       0x30 build/ST/STM32F746G-DISCO/touchgfx/os/FreeRTOS8.2.0/Source/tasks.o
                0x08004d1c                vTaskSetTimeOutState
 .text.xTaskCheckForTimeOut
                0x08004d4c       0x7c build/ST/STM32F746G-DISCO/touchgfx/os/FreeRTOS8.2.0/Source/tasks.o
                0x08004d4c                xTaskCheckForTimeOut
 .text.vTaskMissedYield
                0x08004dc8        0xc build/ST/STM32F746G-DISCO/touchgfx/os/FreeRTOS8.2.0/Source/tasks.o
                0x08004dc8                vTaskMissedYield
 .text.vTaskPriorityInherit
                0x08004dd4       0x8c build/ST/STM32F746G-DISCO/touchgfx/os/FreeRTOS8.2.0/Source/tasks.o
                0x08004dd4                vTaskPriorityInherit
 .text.xTaskPriorityDisinherit
                0x08004e60       0x88 build/ST/STM32F746G-DISCO/touchgfx/os/FreeRTOS8.2.0/Source/tasks.o
                0x08004e60                xTaskPriorityDisinherit
 .text.pvTaskIncrementMutexHeldCount
                0x08004ee8       0x18 build/ST/STM32F746G-DISCO/touchgfx/os/FreeRTOS8.2.0/Source/tasks.o
                0x08004ee8                pvTaskIncrementMutexHeldCount
 .text.pvPortMalloc
                0x08004f00       0xbc build/ST/STM32F746G-DISCO/touchgfx/os/FreeRTOS8.2.0/Source/portable/MemMang/heap_2.o
                0x08004f00                pvPortMalloc
 .text.vPortFree
                0x08004fbc       0x44 build/ST/STM32F746G-DISCO/touchgfx/os/FreeRTOS8.2.0/Source/portable/MemMang/heap_2.o
                0x08004fbc                vPortFree
 .text.prvTaskExitError
                0x08005000       0x38 build/ST/STM32F746G-DISCO/touchgfx/os/FreeRTOS8.2.0/Source/portable/GCC/ARM_CM7/port.o
 .text.prvPortStartFirstTask
                0x08005038       0x20 build/ST/STM32F746G-DISCO/touchgfx/os/FreeRTOS8.2.0/Source/portable/GCC/ARM_CM7/port.o
 .text.vPortEnableVFP
                0x08005058       0x14 build/ST/STM32F746G-DISCO/touchgfx/os/FreeRTOS8.2.0/Source/portable/GCC/ARM_CM7/port.o
 .text.pxPortInitialiseStack
                0x0800506c       0x20 build/ST/STM32F746G-DISCO/touchgfx/os/FreeRTOS8.2.0/Source/portable/GCC/ARM_CM7/port.o
                0x0800506c                pxPortInitialiseStack
 .text.SVC_Handler
                0x0800508c       0x20 build/ST/STM32F746G-DISCO/touchgfx/os/FreeRTOS8.2.0/Source/portable/GCC/ARM_CM7/port.o
                0x0800508c                SVC_Handler
 .text.vPortEnterCritical
                0x080050ac       0x4c build/ST/STM32F746G-DISCO/touchgfx/os/FreeRTOS8.2.0/Source/portable/GCC/ARM_CM7/port.o
                0x080050ac                vPortEnterCritical
 .text.vPortExitCritical
                0x080050f8       0x2c build/ST/STM32F746G-DISCO/touchgfx/os/FreeRTOS8.2.0/Source/portable/GCC/ARM_CM7/port.o
                0x080050f8                vPortExitCritical
 .text.PendSV_Handler
                0x08005124       0x64 build/ST/STM32F746G-DISCO/touchgfx/os/FreeRTOS8.2.0/Source/portable/GCC/ARM_CM7/port.o
                0x08005124                PendSV_Handler
 .text.OS_SysTick
                0x08005188       0x34 build/ST/STM32F746G-DISCO/touchgfx/os/FreeRTOS8.2.0/Source/portable/GCC/ARM_CM7/port.o
                0x08005188                OS_SysTick
 .text.vPortSetupTimerInterrupt
                0x080051bc       0x28 build/ST/STM32F746G-DISCO/touchgfx/os/FreeRTOS8.2.0/Source/portable/GCC/ARM_CM7/port.o
                0x080051bc                vPortSetupTimerInterrupt
 .text.xPortStartScheduler
                0x080051e4       0x9c build/ST/STM32F746G-DISCO/touchgfx/os/FreeRTOS8.2.0/Source/portable/GCC/ARM_CM7/port.o
                0x080051e4                xPortStartScheduler
 .text.vPortValidateInterruptPriority
                0x08005280       0x64 build/ST/STM32F746G-DISCO/touchgfx/os/FreeRTOS8.2.0/Source/portable/GCC/ARM_CM7/port.o
                0x08005280                vPortValidateInterruptPriority
 .text.NMI_Handler
                0x080052e4        0xa build/ST/STM32F746G-DISCO/target/ST/STM32F746G-DISCO/gcc//isr.o
                0x080052e4                NMI_Handler
 .text.HardFault_Handler
                0x080052ee        0xa build/ST/STM32F746G-DISCO/target/ST/STM32F746G-DISCO/gcc//isr.o
                0x080052ee                HardFault_Handler
 .text.MemManage_Handler
                0x080052f8        0xa build/ST/STM32F746G-DISCO/target/ST/STM32F746G-DISCO/gcc//isr.o
                0x080052f8                MemManage_Handler
 .text.BusFault_Handler
                0x08005302        0xa build/ST/STM32F746G-DISCO/target/ST/STM32F746G-DISCO/gcc//isr.o
                0x08005302                BusFault_Handler
 .text.UsageFault_Handler
                0x0800530c        0xa build/ST/STM32F746G-DISCO/target/ST/STM32F746G-DISCO/gcc//isr.o
                0x0800530c                UsageFault_Handler
 .text.DebugMon_Handler
                0x08005316        0xa build/ST/STM32F746G-DISCO/target/ST/STM32F746G-DISCO/gcc//isr.o
                0x08005316                DebugMon_Handler
 .text.WWDG_IRQHandler
                0x08005320       0x12 build/ST/STM32F746G-DISCO/target/ST/STM32F746G-DISCO/gcc//isr.o
                0x08005320                WWDG_IRQHandler
 .text.PVD_IRQHandler
                0x08005332       0x12 build/ST/STM32F746G-DISCO/target/ST/STM32F746G-DISCO/gcc//isr.o
                0x08005332                PVD_IRQHandler
 .text.TAMP_STAMP_IRQHandler
                0x08005344       0x12 build/ST/STM32F746G-DISCO/target/ST/STM32F746G-DISCO/gcc//isr.o
                0x08005344                TAMP_STAMP_IRQHandler
 .text.RTC_WKUP_IRQHandler
                0x08005356       0x12 build/ST/STM32F746G-DISCO/target/ST/STM32F746G-DISCO/gcc//isr.o
                0x08005356                RTC_WKUP_IRQHandler
 .text.FLASH_IRQHandler
                0x08005368       0x12 build/ST/STM32F746G-DISCO/target/ST/STM32F746G-DISCO/gcc//isr.o
                0x08005368                FLASH_IRQHandler
 .text.RCC_IRQHandler
                0x0800537a       0x12 build/ST/STM32F746G-DISCO/target/ST/STM32F746G-DISCO/gcc//isr.o
                0x0800537a                RCC_IRQHandler
 .text.EXTI0_IRQHandler
                0x0800538c       0x12 build/ST/STM32F746G-DISCO/target/ST/STM32F746G-DISCO/gcc//isr.o
                0x0800538c                EXTI0_IRQHandler
 .text.EXTI1_IRQHandler
                0x0800539e       0x12 build/ST/STM32F746G-DISCO/target/ST/STM32F746G-DISCO/gcc//isr.o
                0x0800539e                EXTI1_IRQHandler
 .text.EXTI2_IRQHandler
                0x080053b0       0x12 build/ST/STM32F746G-DISCO/target/ST/STM32F746G-DISCO/gcc//isr.o
                0x080053b0                EXTI2_IRQHandler
 .text.EXTI3_IRQHandler
                0x080053c2       0x12 build/ST/STM32F746G-DISCO/target/ST/STM32F746G-DISCO/gcc//isr.o
                0x080053c2                EXTI3_IRQHandler
 .text.EXTI4_IRQHandler
                0x080053d4       0x12 build/ST/STM32F746G-DISCO/target/ST/STM32F746G-DISCO/gcc//isr.o
                0x080053d4                EXTI4_IRQHandler
 .text.DMA1_Stream0_IRQHandler
                0x080053e6       0x12 build/ST/STM32F746G-DISCO/target/ST/STM32F746G-DISCO/gcc//isr.o
                0x080053e6                DMA1_Stream0_IRQHandler
 .text.DMA1_Stream1_IRQHandler
                0x080053f8       0x12 build/ST/STM32F746G-DISCO/target/ST/STM32F746G-DISCO/gcc//isr.o
                0x080053f8                DMA1_Stream1_IRQHandler
 .text.DMA1_Stream2_IRQHandler
                0x0800540a       0x12 build/ST/STM32F746G-DISCO/target/ST/STM32F746G-DISCO/gcc//isr.o
                0x0800540a                DMA1_Stream2_IRQHandler
 .text.DMA1_Stream3_IRQHandler
                0x0800541c       0x12 build/ST/STM32F746G-DISCO/target/ST/STM32F746G-DISCO/gcc//isr.o
                0x0800541c                DMA1_Stream3_IRQHandler
 .text.DMA1_Stream4_IRQHandler
                0x0800542e       0x12 build/ST/STM32F746G-DISCO/target/ST/STM32F746G-DISCO/gcc//isr.o
                0x0800542e                DMA1_Stream4_IRQHandler
 .text.DMA1_Stream5_IRQHandler
                0x08005440       0x12 build/ST/STM32F746G-DISCO/target/ST/STM32F746G-DISCO/gcc//isr.o
                0x08005440                DMA1_Stream5_IRQHandler
 .text.DMA1_Stream6_IRQHandler
                0x08005452       0x12 build/ST/STM32F746G-DISCO/target/ST/STM32F746G-DISCO/gcc//isr.o
                0x08005452                DMA1_Stream6_IRQHandler
 .text.ADC_IRQHandler
                0x08005464       0x12 build/ST/STM32F746G-DISCO/target/ST/STM32F746G-DISCO/gcc//isr.o
                0x08005464                ADC_IRQHandler
 .text.CAN1_TX_IRQHandler
                0x08005476       0x12 build/ST/STM32F746G-DISCO/target/ST/STM32F746G-DISCO/gcc//isr.o
                0x08005476                CAN1_TX_IRQHandler
 .text.CAN1_RX0_IRQHandler
                0x08005488       0x12 build/ST/STM32F746G-DISCO/target/ST/STM32F746G-DISCO/gcc//isr.o
                0x08005488                CAN1_RX0_IRQHandler
 .text.CAN1_RX1_IRQHandler
                0x0800549a       0x12 build/ST/STM32F746G-DISCO/target/ST/STM32F746G-DISCO/gcc//isr.o
                0x0800549a                CAN1_RX1_IRQHandler
 .text.CAN1_SCE_IRQHandler
                0x080054ac       0x12 build/ST/STM32F746G-DISCO/target/ST/STM32F746G-DISCO/gcc//isr.o
                0x080054ac                CAN1_SCE_IRQHandler
 .text.EXTI9_5_IRQHandler
                0x080054be       0x12 build/ST/STM32F746G-DISCO/target/ST/STM32F746G-DISCO/gcc//isr.o
                0x080054be                EXTI9_5_IRQHandler
 .text.TIM1_BRK_TIM9_IRQHandler
                0x080054d0       0x12 build/ST/STM32F746G-DISCO/target/ST/STM32F746G-DISCO/gcc//isr.o
                0x080054d0                TIM1_BRK_TIM9_IRQHandler
 .text.TIM1_UP_TIM10_IRQHandler
                0x080054e2       0x12 build/ST/STM32F746G-DISCO/target/ST/STM32F746G-DISCO/gcc//isr.o
                0x080054e2                TIM1_UP_TIM10_IRQHandler
 .text.TIM1_TRG_COM_TIM11_IRQHandler
                0x080054f4       0x12 build/ST/STM32F746G-DISCO/target/ST/STM32F746G-DISCO/gcc//isr.o
                0x080054f4                TIM1_TRG_COM_TIM11_IRQHandler
 .text.TIM1_CC_IRQHandler
                0x08005506       0x12 build/ST/STM32F746G-DISCO/target/ST/STM32F746G-DISCO/gcc//isr.o
                0x08005506                TIM1_CC_IRQHandler
 .text.TIM2_IRQHandler
                0x08005518       0x12 build/ST/STM32F746G-DISCO/target/ST/STM32F746G-DISCO/gcc//isr.o
                0x08005518                TIM2_IRQHandler
 .text.TIM3_IRQHandler
                0x0800552a       0x12 build/ST/STM32F746G-DISCO/target/ST/STM32F746G-DISCO/gcc//isr.o
                0x0800552a                TIM3_IRQHandler
 .text.TIM4_IRQHandler
                0x0800553c       0x12 build/ST/STM32F746G-DISCO/target/ST/STM32F746G-DISCO/gcc//isr.o
                0x0800553c                TIM4_IRQHandler
 .text.I2C1_EV_IRQHandler
                0x0800554e       0x12 build/ST/STM32F746G-DISCO/target/ST/STM32F746G-DISCO/gcc//isr.o
                0x0800554e                I2C1_EV_IRQHandler
 .text.I2C1_ER_IRQHandler
                0x08005560       0x12 build/ST/STM32F746G-DISCO/target/ST/STM32F746G-DISCO/gcc//isr.o
                0x08005560                I2C1_ER_IRQHandler
 .text.I2C2_EV_IRQHandler
                0x08005572       0x12 build/ST/STM32F746G-DISCO/target/ST/STM32F746G-DISCO/gcc//isr.o
                0x08005572                I2C2_EV_IRQHandler
 .text.I2C2_ER_IRQHandler
                0x08005584       0x12 build/ST/STM32F746G-DISCO/target/ST/STM32F746G-DISCO/gcc//isr.o
                0x08005584                I2C2_ER_IRQHandler
 .text.SPI1_IRQHandler